2026-05-21 10:30:18 [INFO] rdvpermis.bot — Session HTTP créée
2026-05-21 10:30:18 [INFO] rdvpermis.bot — 🔐 Connexion via navigateur (SSO)...
2026-05-21 10:31:01 [INFO] rdvpermis.bot —   → Chargement de la page (timeout=60s)...
2026-05-21 10:31:06 [INFO] rdvpermis.bot —   Formulaire SSO détecté (https://moncompte.permisdeconduire.gouv.fr/auth/realms/forma...)
2026-05-21 10:31:11 [INFO] rdvpermis.bot —   → Saisie email via input[name="username"]
2026-05-21 10:31:11 [ERROR] rdvpermis.bot — Erreur connexion : 'Page' object has no attribute 'press_sequentially'
Traceback (most recent call last):
  File "C:\rdvpermis-bot\bot.py", line 117, in se_connecter
    await self._remplir_formulaire_sso(page, timeout_ms)
  File "C:\rdvpermis-bot\bot.py", line 201, in _remplir_formulaire_sso
    await page.press_sequentially(champ_email, email, delay=40)   # ✅ FIX #1
          ^^^^^^^^^^^^^^^^^^^^^^^
AttributeError: 'Page' object has no attribute 'press_sequentially'
2026-05-21 10:31:11 [INFO] rdvpermis.bot — Session fermée
2026-05-21 10:34:45 [INFO] rdvpermis.bot — Session HTTP créée
2026-05-21 10:34:45 [INFO] rdvpermis.bot — 🔐 Connexion via navigateur (SSO)...
2026-05-21 10:34:54 [INFO] rdvpermis.bot —   → Chargement de la page (timeout=60s)...
2026-05-21 10:34:57 [INFO] rdvpermis.bot —   Formulaire SSO détecté (https://moncompte.permisdeconduire.gouv.fr/auth/realms/forma...)
2026-05-21 10:35:01 [INFO] rdvpermis.bot —   → Saisie email via input[name="username"]
2026-05-21 10:35:01 [ERROR] rdvpermis.bot — Erreur connexion : 'Page' object has no attribute 'press_sequentially'
Traceback (most recent call last):
  File "C:\rdvpermis-bot\bot.py", line 117, in se_connecter
    await self._remplir_formulaire_sso(page, timeout_ms)
  File "C:\rdvpermis-bot\bot.py", line 201, in _remplir_formulaire_sso
    await page.press_sequentially(champ_email, email, delay=40)   # ✅ FIX #1
          ^^^^^^^^^^^^^^^^^^^^^^^
AttributeError: 'Page' object has no attribute 'press_sequentially'
2026-05-21 10:35:01 [INFO] rdvpermis.bot — Session fermée
2026-05-21 10:43:16 [INFO] rdvpermis.bot — Session HTTP créée
2026-05-21 10:43:16 [INFO] rdvpermis.bot — 🔐 Connexion via navigateur (SSO)...
2026-05-21 10:43:25 [INFO] rdvpermis.bot —   → Chargement de la page (timeout=60s)...
2026-05-21 10:43:31 [INFO] rdvpermis.bot —   Formulaire SSO détecté (https://moncompte.permisdeconduire.gouv.fr/auth/realms/forma...)
2026-05-21 10:43:35 [INFO] rdvpermis.bot —   → Saisie email via input[name="username"]
2026-05-21 10:43:35 [ERROR] rdvpermis.bot — Erreur connexion : 'Page' object has no attribute 'press_sequentially'
Traceback (most recent call last):
  File "C:\rdvpermis-bot\bot.py", line 117, in se_connecter
    await self._remplir_formulaire_sso(page, timeout_ms)
  File "C:\rdvpermis-bot\bot.py", line 201, in _remplir_formulaire_sso
    await page.press_sequentially(champ_email, email, delay=40)   # ✅ FIX #1
          ^^^^^^^^^^^^^^^^^^^^^^^
AttributeError: 'Page' object has no attribute 'press_sequentially'
2026-05-21 10:43:35 [INFO] rdvpermis.bot — Session fermée
2026-05-21 10:48:23 [INFO] rdvpermis.bot — Session HTTP créée
2026-05-21 10:48:23 [INFO] rdvpermis.bot — 🔐 Connexion via navigateur (SSO)...
2026-05-21 10:48:32 [INFO] rdvpermis.bot —   → Chargement crenodispo (timeout=60s)...
2026-05-21 10:48:35 [INFO] rdvpermis.bot —   Formulaire Keycloak détecté → https://moncompte.permisdeconduire.gouv.fr/auth/realms/formation/proto
2026-05-21 10:48:35 [INFO] rdvpermis.bot —   → Champ identifiant trouvé : input[name="username"]
2026-05-21 10:48:36 [INFO] rdvpermis.bot —   → Saisie du mot de passe...
2026-05-21 10:48:38 [INFO] rdvpermis.bot —   → Clic sur 'Je me connecte'...
2026-05-21 10:48:38 [WARNING] rdvpermis.bot —   Bouton non trouvé → soumission par Enter
2026-05-21 10:48:38 [INFO] rdvpermis.bot —   → Attente retour sur la plateforme...
2026-05-21 10:48:40 [INFO] rdvpermis.bot — ✅ Connexion réussie ! URL : https://moncompte.permisdeconduire.gouv.fr/auth/realms/formation/protocol/openid-connect/auth?response_type=code&scope=openid%20email%20profile&client_id=formation_1&state=2ICbf42gj7R8wq-bjxbk-zEYfFM&redirect_uri=https%3A%2F%2Fpro.permisdeconduire.gouv.fr%2Foidc-callback&nonce=K8lwN36WBcN84C-_aRDX40rdaspBz1plL4lM6BzhnXo
2026-05-21 10:48:40 [INFO] rdvpermis.bot —   8 cookie(s) transféré(s) vers la session HTTP
2026-05-21 10:48:40 [INFO] rdvpermis.bot — Session fermée
2026-05-21 10:51:38 [INFO] rdvpermis.bot — Session HTTP créée
2026-05-21 10:51:38 [INFO] rdvpermis.bot — 🔐 Connexion via navigateur (SSO)...
2026-05-21 10:51:47 [INFO] rdvpermis.bot —   → Chargement crenodispo (timeout=60s)...
2026-05-21 10:51:49 [INFO] rdvpermis.bot —   Formulaire Keycloak détecté → https://moncompte.permisdeconduire.gouv.fr/auth/realms/formation/proto
2026-05-21 10:51:49 [INFO] rdvpermis.bot —   → Champ identifiant trouvé : input[name="username"]
2026-05-21 10:51:51 [INFO] rdvpermis.bot —   → Saisie du mot de passe...
2026-05-21 10:51:53 [INFO] rdvpermis.bot —   → Clic sur 'Je me connecte'...
2026-05-21 10:51:53 [INFO] rdvpermis.bot —   ✓ Clic JS sur : #kc-login
2026-05-21 10:51:53 [INFO] rdvpermis.bot —   → Attente retour sur la plateforme (max 90s)...
2026-05-21 10:53:23 [ERROR] rdvpermis.bot — ❌ Pas revenu sur la plateforme après 90s — URL actuelle: https://moncompte.permisdeconduire.gouv.fr/auth/realms/formation/protocol/openid-connect/auth?response_type=code&scope=openid%20email%20profile&client_id=formation_1&state=-kj1u7SmmmVBPHvlcWNW_29TKGk&redirect_uri=https%3A%2F%2Fpro.permisdeconduire.gouv.fr%2Foidc-callback&nonce=3hq7ma-NZHfN6ov5AImotmaKyP_uVNjIVqDLOV7qZaQ
2026-05-21 10:53:24 [INFO] rdvpermis.bot —   Screenshot sauvegardé : debug_login.png
2026-05-21 10:53:24 [INFO] rdvpermis.bot — Session fermée
2026-05-21 11:55:21 [INFO] rdvpermis.main — Dates     : 2026-05-20 → 2026-09-30
2026-05-21 11:55:21 [INFO] rdvpermis.main — Heures    : 07:00 → 20:00
2026-05-21 11:55:21 [INFO] rdvpermis.main — Intervalle: 15s
2026-05-21 11:55:21 [INFO] rdvpermis.bot — Session HTTP créée
2026-05-21 11:55:21 [INFO] rdvpermis.bot —   6 cookie(s) chargé(s) depuis cookies.json
2026-05-21 11:55:21 [WARNING] rdvpermis.bot —   Session invalide — HTTP 401
2026-05-21 11:55:21 [ERROR] rdvpermis.bot — ❌ Session expirée ou invalide.
   Relance : python main.py --login  pour te reconnecter.
2026-05-21 11:55:21 [CRITICAL] rdvpermis.main — ❌ Session invalide. Lance d'abord : python main.py --login
2026-05-21 11:55:21 [INFO] rdvpermis.bot — Session fermée
2026-06-09 23:54:15 [INFO] rdvpermis.bot — Session HTTP créée
2026-06-09 23:54:15 [INFO] rdvpermis.bot —   Cookies chargés depuis cookies.json
2026-06-09 23:54:16 [INFO] rdvpermis.bot —   ✅ Session valide — Serhat YILDIRIM (MILAR)
2026-06-09 23:54:16 [INFO] rdvpermis.bot — 🤖 Bot démarré | 3 centre(s) | Horaires : 09:00–17:00 | Quota : 36 | Mode : consecutifs
2026-06-09 23:54:16 [INFO] rdvpermis.bot — 🛒 Panier : 0/36 | Quota : 0/36
2026-06-09 23:54:16 [INFO] rdvpermis.bot — --- It.#1 | Panier 0/36 | Réservés 0/36 | 23:54:16 ---
2026-06-09 23:54:43 [INFO] rdvpermis.bot — --- It.#11 | Panier 0/36 | Réservés 0/36 | 23:54:43 ---
2026-06-09 23:55:10 [INFO] rdvpermis.bot — --- It.#21 | Panier 0/36 | Réservés 0/36 | 23:55:10 ---
2026-06-09 23:55:37 [INFO] rdvpermis.bot — --- It.#31 | Panier 0/36 | Réservés 0/36 | 23:55:37 ---
2026-06-09 23:56:05 [INFO] rdvpermis.bot — --- It.#41 | Panier 0/36 | Réservés 0/36 | 23:56:05 ---
2026-06-09 23:56:20 [INFO] rdvpermis.bot — Session fermée
2026-06-10 00:39:45 [INFO] rdvpermis.bot — Session HTTP créée
2026-06-10 00:39:45 [INFO] rdvpermis.bot —   Cookies chargés depuis cookies.json
2026-06-10 00:39:45 [INFO] rdvpermis.bot —   ✅ Session valide — Serhat YILDIRIM (MILAR)
2026-06-10 00:39:46 [INFO] rdvpermis.bot — 🛒 Panier : 0/36 | Quota : 0/36
2026-06-10 00:39:46 [INFO] rdvpermis.bot — Session fermée
2026-06-10 00:39:52 [INFO] rdvpermis.bot — Session HTTP créée
2026-06-10 00:39:52 [INFO] rdvpermis.bot —   Cookies chargés depuis cookies.json
2026-06-10 00:39:52 [INFO] rdvpermis.bot —   ✅ Session valide — Serhat YILDIRIM (MILAR)
2026-06-10 00:39:52 [INFO] rdvpermis.bot — 🤖 Bot démarré | 3 centre(s) | Horaires : 09:00–17:00 | Quota : 36 | Mode : consecutifs
2026-06-10 00:39:52 [INFO] rdvpermis.bot — 🛒 Panier : 0/36 | Quota : 0/36
2026-06-10 00:39:52 [INFO] rdvpermis.bot — --- It.#1 | Panier 0/36 | Réservés 0/36 | 00:39:52 ---
2026-06-10 00:40:19 [INFO] rdvpermis.bot — --- It.#11 | Panier 0/36 | Réservés 0/36 | 00:40:19 ---
2026-06-10 00:40:23 [INFO] rdvpermis.bot — Session fermée
2026-06-10 00:47:59 [INFO] rdvpermis.bot — Session HTTP créée
2026-06-10 00:47:59 [INFO] rdvpermis.bot —   Cookies chargés depuis cookies.json
2026-06-10 00:47:59 [INFO] rdvpermis.bot —   ✅ Session valide — Serhat YILDIRIM (MILAR)
2026-06-10 00:47:59 [INFO] rdvpermis.bot — 🤖 Bot démarré | 3 centre(s) | Horaires : 10:00–12:00 | Quota : 7 | Mode : consecutifs
2026-06-10 00:47:59 [INFO] rdvpermis.bot — 🛒 Panier : 0/36 | Quota : 0/7
2026-06-10 00:47:59 [INFO] rdvpermis.bot — --- It.#1 | Panier 0/36 | Réservés 0/7 | 00:47:59 ---
2026-06-10 00:48:13 [INFO] rdvpermis.bot — Session fermée
2026-06-10 00:54:24 [INFO] rdvpermis.bot — Session HTTP créée
2026-06-10 00:54:24 [INFO] rdvpermis.bot —   Cookies chargés depuis cookies.json
2026-06-10 00:54:24 [INFO] rdvpermis.bot —   ✅ Session valide — Serhat YILDIRIM (MILAR)
2026-06-10 00:54:24 [INFO] rdvpermis.bot — 🤖 Bot démarré | 3 centre(s) | Horaires : 10:00–12:00 | Quota : 7 | Mode : consecutifs
2026-06-10 00:54:25 [INFO] rdvpermis.bot — 🛒 Panier : 0/36 | Quota : 0/7
2026-06-10 00:54:25 [INFO] rdvpermis.bot — --- It.#1 | Panier 0/36 | Réservés 0/7 | 00:54:25 ---
2026-06-10 00:54:47 [INFO] rdvpermis.bot — Session fermée
2026-06-10 00:56:20 [INFO] rdvpermis.bot — Session HTTP créée
2026-06-10 00:56:20 [INFO] rdvpermis.bot —   Cookies chargés depuis cookies.json
2026-06-10 00:56:20 [INFO] rdvpermis.bot —   ✅ Session valide — Serhat YILDIRIM (MILAR)
2026-06-10 00:56:20 [INFO] rdvpermis.bot — 🤖 Bot démarré | 3 centre(s) | Horaires : 10:00–12:00 | Quota : 7 | Mode : consecutifs | Élèves/cr : 3
2026-06-10 00:56:20 [INFO] rdvpermis.bot — 🛒 Panier : 0/36 | Quota : 0/7
2026-06-10 00:56:20 [INFO] rdvpermis.bot — --- It.#1 | Panier 0/36 | Réservés 0/7 | 00:56:20 ---
2026-06-10 00:56:47 [INFO] rdvpermis.bot — --- It.#11 | Panier 0/36 | Réservés 0/7 | 00:56:47 ---
2026-06-10 00:57:13 [INFO] rdvpermis.bot — --- It.#21 | Panier 0/36 | Réservés 0/7 | 00:57:13 ---
2026-06-10 00:57:38 [INFO] rdvpermis.bot — --- It.#31 | Panier 0/36 | Réservés 0/7 | 00:57:38 ---
2026-06-10 00:57:40 [INFO] rdvpermis.bot — Session fermée
2026-06-10 01:48:46 [INFO] rdvpermis.bot — Session HTTP créée
2026-06-10 01:48:46 [INFO] rdvpermis.bot —   Cookies chargés depuis cookies.json
2026-06-10 01:48:46 [INFO] rdvpermis.bot —   ✅ Session valide — Serhat YILDIRIM (MILAR)
2026-06-10 01:48:46 [INFO] rdvpermis.bot — 🛒 Panier : 0/36 | Quota : 0/36
2026-06-10 01:48:46 [INFO] rdvpermis.bot — Session fermée
2026-06-10 01:49:48 [INFO] rdvpermis.bot — Session HTTP créée
2026-06-10 01:49:48 [INFO] rdvpermis.bot —   Cookies chargés depuis cookies.json
2026-06-10 01:49:48 [INFO] rdvpermis.bot —   ✅ Session valide — Serhat YILDIRIM (MILAR)
2026-06-10 01:49:48 [INFO] rdvpermis.bot — 🤖 Bot démarré | 1 centre(s) | Horaires : 10:00–12:00 | Quota : 7 | Mode : consecutifs | Élèves/cr : 1
2026-06-10 01:49:48 [INFO] rdvpermis.bot — 🛒 Panier : 0/36 | Quota : 0/7
2026-06-10 01:49:48 [INFO] rdvpermis.bot — --- It.#1 | Panier 0/36 | Réservés 0/7 | 01:49:48 ---
2026-06-10 01:50:15 [INFO] rdvpermis.bot — --- It.#11 | Panier 0/36 | Réservés 0/7 | 01:50:15 ---
2026-06-10 01:50:19 [INFO] rdvpermis.bot — Session fermée
2026-06-10 01:51:32 [INFO] rdvpermis.bot — Session HTTP créée
2026-06-10 01:51:32 [INFO] rdvpermis.bot —   Cookies chargés depuis cookies.json
2026-06-10 01:51:33 [INFO] rdvpermis.bot —   ✅ Session valide — Serhat YILDIRIM (MILAR)
2026-06-10 01:51:33 [INFO] rdvpermis.bot — 🤖 Bot démarré | 1 centre(s) | Horaires : 10:00–12:00 | Quota : 7 | Mode : consecutifs
2026-06-10 01:51:33 [INFO] rdvpermis.bot — 🛒 Panier : 0/36 | Quota : 0/7
2026-06-10 01:51:33 [INFO] rdvpermis.bot — --- It.#1 | Panier 0/36 | Réservés 0/7 | 01:51:33 ---
2026-06-10 01:51:59 [INFO] rdvpermis.bot — Session fermée
2026-06-10 10:12:42 [INFO] rdvpermis.bot — Session HTTP créée
2026-06-10 10:12:42 [INFO] rdvpermis.bot —   Cookies chargés depuis cookies.json
2026-06-10 10:12:43 [INFO] rdvpermis.bot —   ✅ Session valide — Serhat YILDIRIM (MILAR)
2026-06-10 10:12:43 [INFO] rdvpermis.bot — 🛒 Panier : 0/36 | Quota : 0/36
2026-06-10 10:12:43 [INFO] rdvpermis.bot — Session fermée
2026-06-10 10:15:31 [INFO] rdvpermis.bot — Session HTTP créée
2026-06-10 10:15:31 [INFO] rdvpermis.bot —   Cookies chargés depuis cookies.json
2026-06-10 10:15:31 [INFO] rdvpermis.bot —   ✅ Session valide — Serhat YILDIRIM (MILAR)
2026-06-10 10:15:31 [INFO] rdvpermis.bot — 🤖 Bot démarré | 0 centre(s) | Horaires : 10:00–12:00 | Quota : 10 | Mode : consecutifs
2026-06-10 10:15:31 [INFO] rdvpermis.bot — 🛒 Panier : 0/36 | Quota : 0/10
2026-06-10 10:15:31 [INFO] rdvpermis.bot — --- It.#1 | Panier 0/36 | Réservés 0/10 | 10:15:31 ---
2026-06-10 10:15:38 [INFO] rdvpermis.bot — Session fermée
2026-06-10 10:22:42 [INFO] rdvpermis.bot — Session HTTP créée
2026-06-10 10:22:42 [INFO] rdvpermis.bot —   Cookies chargés depuis cookies.json
2026-06-10 10:22:42 [INFO] rdvpermis.bot —   ✅ Session valide — Serhat YILDIRIM (MILAR)
2026-06-10 10:22:42 [INFO] rdvpermis.bot — 🛒 Panier : 0/36 | Quota : 0/36
2026-06-10 10:22:42 [INFO] rdvpermis.bot — Session fermée
2026-06-10 10:23:00 [INFO] rdvpermis.bot — Session HTTP créée
2026-06-10 10:23:00 [INFO] rdvpermis.bot —   Cookies chargés depuis cookies.json
2026-06-10 10:23:00 [INFO] rdvpermis.bot —   ✅ Session valide — Serhat YILDIRIM (MILAR)
2026-06-10 10:23:00 [INFO] rdvpermis.bot — 🤖 Bot démarré | 0 centre(s) | Horaires : 10:00–12:00 | Quota : 10 | Mode : consecutifs
2026-06-10 10:23:00 [INFO] rdvpermis.bot — 🛒 Panier : 0/36 | Quota : 0/10
2026-06-10 10:23:00 [INFO] rdvpermis.bot — --- It.#1 | Panier 0/36 | Réservés 0/10 | 10:23:00 ---
2026-06-10 10:23:25 [INFO] rdvpermis.bot — --- It.#11 | Panier 0/36 | Réservés 0/10 | 10:23:25 ---
2026-06-10 10:23:33 [INFO] rdvpermis.bot — Session fermée
2026-06-10 10:23:40 [INFO] rdvpermis.bot — Session HTTP créée
2026-06-10 10:23:40 [INFO] rdvpermis.bot —   Cookies chargés depuis cookies.json
2026-06-10 10:23:40 [INFO] rdvpermis.bot —   ✅ Session valide — Serhat YILDIRIM (MILAR)
2026-06-10 10:23:40 [INFO] rdvpermis.bot — 🤖 Bot démarré | 0 centre(s) | Horaires : 10:00–12:00 | Quota : 10 | Mode : consecutifs
2026-06-10 10:23:40 [INFO] rdvpermis.bot — 🛒 Panier : 0/36 | Quota : 0/10
2026-06-10 10:23:40 [INFO] rdvpermis.bot — --- It.#1 | Panier 0/36 | Réservés 0/10 | 10:23:40 ---
2026-06-10 10:23:44 [INFO] rdvpermis.bot — Session fermée
2026-06-10 10:29:08 [INFO] rdvpermis.bot — Session HTTP créée
2026-06-10 10:29:08 [INFO] rdvpermis.bot —   Cookies chargés depuis cookies.json
2026-06-10 10:29:08 [INFO] rdvpermis.bot —   ✅ Session valide — Serhat YILDIRIM (MILAR)
2026-06-10 10:29:08 [INFO] rdvpermis.bot — 🤖 Bot démarré | 1 centre(s) | Horaires : 10:00–12:00 | Quota : 10 | Mode : consecutifs
2026-06-10 10:29:08 [INFO] rdvpermis.bot — 🛒 Panier : 0/36 | Quota : 0/10
2026-06-10 10:29:08 [INFO] rdvpermis.bot — --- It.#1 | Panier 0/36 | Réservés 0/10 | 10:29:08 ---
2026-06-10 10:29:12 [INFO] rdvpermis.bot — Session fermée
2026-06-10 10:29:22 [INFO] rdvpermis.bot — Session HTTP créée
2026-06-10 10:29:22 [INFO] rdvpermis.bot —   Cookies chargés depuis cookies.json
2026-06-10 10:29:22 [INFO] rdvpermis.bot —   ✅ Session valide — Serhat YILDIRIM (MILAR)
2026-06-10 10:29:22 [INFO] rdvpermis.bot — 🤖 Bot démarré | 1 centre(s) | Horaires : 10:00–12:00 | Quota : 10 | Mode : consecutifs
2026-06-10 10:29:22 [INFO] rdvpermis.bot — 🛒 Panier : 0/36 | Quota : 0/10
2026-06-10 10:29:22 [INFO] rdvpermis.bot — --- It.#1 | Panier 0/36 | Réservés 0/10 | 10:29:22 ---
2026-06-10 10:29:24 [INFO] rdvpermis.bot — Session fermée
2026-06-10 10:57:28 [INFO] rdvpermis.bot — Session HTTP créée
2026-06-10 10:57:28 [INFO] rdvpermis.bot —   Cookies chargés depuis cookies.json
2026-06-10 10:57:28 [ERROR] rdvpermis.bot —   Erreur vérification : 200, message='Attempt to decode JSON with unexpected mimetype: text/html', url='https://pro.permisdeconduire.gouv.fr/api/v2/auto-ecole/employes/moi'
2026-06-10 10:57:28 [CRITICAL] rdvpermis.main — ❌ Session invalide — lance : python main.py --login
2026-06-10 10:57:28 [INFO] rdvpermis.bot — Session fermée
2026-06-10 10:58:22 [INFO] rdvpermis.bot — Session HTTP créée
2026-06-10 10:58:22 [INFO] rdvpermis.bot —   Cookies chargés depuis cookies.json
2026-06-10 10:58:22 [INFO] rdvpermis.bot —   ✅ Session valide — Serhat YILDIRIM (MILAR)
2026-06-10 10:58:22 [INFO] rdvpermis.bot — 🛒 Panier : 0/36 | Quota : 0/36
2026-06-10 10:58:22 [INFO] rdvpermis.bot — Session fermée
2026-06-10 10:58:37 [INFO] rdvpermis.bot — Session HTTP créée
2026-06-10 10:58:37 [INFO] rdvpermis.bot —   Cookies chargés depuis cookies.json
2026-06-10 10:58:37 [INFO] rdvpermis.bot —   ✅ Session valide — Serhat YILDIRIM (MILAR)
2026-06-10 10:58:37 [INFO] rdvpermis.bot — 🤖 Bot démarré | 1 centre(s) | Horaires : 10:00–11:00 | Quota : 10 | Mode : consecutifs
2026-06-10 10:58:37 [INFO] rdvpermis.bot — 🛒 Panier : 0/36 | Quota : 0/10
2026-06-10 10:58:37 [INFO] rdvpermis.bot — --- It.#1 | Panier 0/36 | Réservés 0/10 | 10:58:37 ---
2026-06-10 10:59:04 [INFO] rdvpermis.bot — --- It.#11 | Panier 0/36 | Réservés 0/10 | 10:59:04 ---
2026-06-10 10:59:30 [INFO] rdvpermis.bot — --- It.#21 | Panier 0/36 | Réservés 0/10 | 10:59:30 ---
2026-06-10 10:59:55 [INFO] rdvpermis.bot — --- It.#31 | Panier 0/36 | Réservés 0/10 | 10:59:55 ---
2026-06-10 11:00:22 [INFO] rdvpermis.bot — --- It.#41 | Panier 0/36 | Réservés 0/10 | 11:00:22 ---
2026-06-10 11:00:49 [INFO] rdvpermis.bot — --- It.#51 | Panier 0/36 | Réservés 0/10 | 11:00:49 ---
2026-06-10 11:01:14 [INFO] rdvpermis.bot —   🎯 [GONESSE B] 2026-07-28 → 3 créneau(x) [10:00, 10:30, 11:00]
2026-06-10 11:01:14 [INFO] rdvpermis.bot — [92m[1m✅✅ RÉSERVÉ ! [GONESSE B] 10:00 — Panier: 1/36 | Quota: 1/10[0m
2026-06-10 11:01:16 [INFO] rdvpermis.bot — [92m[1m✅✅ RÉSERVÉ ! [GONESSE B] 10:30 — Panier: 2/36 | Quota: 2/10[0m
2026-06-10 11:01:17 [INFO] rdvpermis.bot — [92m[1m✅✅ RÉSERVÉ ! [GONESSE B] 11:00 — Panier: 3/36 | Quota: 3/10[0m
2026-06-10 11:01:18 [INFO] rdvpermis.bot —   🎯 [GONESSE B] 2026-07-29 → 3 créneau(x) [10:00, 10:30, 11:00]
2026-06-10 11:01:18 [INFO] rdvpermis.bot — [92m[1m✅✅ RÉSERVÉ ! [GONESSE B] 10:00 — Panier: 4/36 | Quota: 4/10[0m
2026-06-10 11:01:19 [INFO] rdvpermis.bot — [92m[1m✅✅ RÉSERVÉ ! [GONESSE B] 10:30 — Panier: 5/36 | Quota: 5/10[0m
2026-06-10 11:01:20 [INFO] rdvpermis.bot — [92m[1m✅✅ RÉSERVÉ ! [GONESSE B] 11:00 — Panier: 6/36 | Quota: 6/10[0m
2026-06-10 11:01:21 [INFO] rdvpermis.bot —   🎯 [GONESSE B] 2026-07-30 → 3 créneau(x) [10:00, 10:30, 11:00]
2026-06-10 11:01:21 [INFO] rdvpermis.bot — [92m[1m✅✅ RÉSERVÉ ! [GONESSE B] 10:00 — Panier: 7/36 | Quota: 7/10[0m
2026-06-10 11:01:22 [INFO] rdvpermis.bot — [92m[1m✅✅ RÉSERVÉ ! [GONESSE B] 10:30 — Panier: 8/36 | Quota: 8/10[0m
2026-06-10 11:01:23 [INFO] rdvpermis.bot — [92m[1m✅✅ RÉSERVÉ ! [GONESSE B] 11:00 — Panier: 9/36 | Quota: 9/10[0m
2026-06-10 11:01:24 [INFO] rdvpermis.bot —   🎯 [GONESSE B] 2026-07-31 → 3 créneau(x) [10:00, 10:30, 11:00]
2026-06-10 11:01:24 [INFO] rdvpermis.bot — [92m[1m✅✅ RÉSERVÉ ! [GONESSE B] 10:00 — Panier: 10/36 | Quota: 10/10[0m
2026-06-10 11:01:24 [INFO] rdvpermis.bot — [92m[1m🏁 Quota atteint (10/10) — arrêt[0m
2026-06-10 11:01:26 [INFO] rdvpermis.bot — [92m[1m🏁 Quota atteint — bot terminé[0m
2026-06-10 11:01:26 [INFO] rdvpermis.bot — Session fermée
2026-06-11 10:10:07 [INFO] rdvpermis.bot — Session HTTP créée
2026-06-11 10:10:07 [INFO] rdvpermis.bot —   Cookies chargés depuis cookies.json
2026-06-11 10:10:07 [INFO] rdvpermis.bot —   ✅ Session valide — Serhat YILDIRIM (MILAR)
2026-06-11 10:10:07 [INFO] rdvpermis.bot — 🛒 Panier : 0/36 | Quota : 0/36
2026-06-11 10:10:07 [INFO] rdvpermis.bot — Session fermée
2026-06-11 10:13:33 [INFO] rdvpermis.bot — Session HTTP créée
2026-06-11 10:13:33 [INFO] rdvpermis.bot —   Cookies chargés depuis cookies.json
2026-06-11 10:13:33 [INFO] rdvpermis.bot —   ✅ Session valide — Serhat YILDIRIM (MILAR)
2026-06-11 10:13:33 [INFO] rdvpermis.bot — 🤖 Bot démarré | 3 centre(s) | Horaires : 09:00–17:00 | Quota : 4 | Mode : consecutifs
2026-06-11 10:13:33 [INFO] rdvpermis.bot — 🛒 Panier : 0/36 | Quota : 0/4
2026-06-11 10:13:33 [INFO] rdvpermis.bot — --- It.#1 | Panier 0/36 | Réservés 0/4 | 10:13:33 ---
2026-06-11 10:13:34 [INFO] rdvpermis.bot —   🎯 [ROSNY B] 2026-06-29 → 4 créneau(x) [13:30, 14:00, 14:30, 15:00]
2026-06-11 10:13:34 [INFO] rdvpermis.bot —   🎯 [BOBIGNY B] 2026-07-06 → 3 créneau(x) [10:00, 10:30, 11:00]
2026-06-11 10:13:34 [INFO] rdvpermis.bot —   🎯 [ROSNY B] 2026-06-30 → 4 créneau(x) [13:30, 14:00, 14:30, 15:00]
2026-06-11 10:13:34 [INFO] rdvpermis.bot —   🎯 [BOBIGNY B] 2026-07-07 → 3 créneau(x) [10:00, 10:30, 11:00]
2026-06-11 10:13:34 [INFO] rdvpermis.bot —   🎯 [ROSNY B] 2026-07-01 → 4 créneau(x) [13:30, 14:00, 14:30, 15:00]
2026-06-11 10:13:35 [INFO] rdvpermis.bot —   🎯 [BOBIGNY B] 2026-07-08 → 3 créneau(x) [10:00, 10:30, 11:00]
2026-06-11 10:13:35 [INFO] rdvpermis.bot —   🎯 [ROSNY B] 2026-07-02 → 4 créneau(x) [13:30, 14:00, 14:30, 15:00]
2026-06-11 10:13:35 [INFO] rdvpermis.bot —   🎯 [BOBIGNY B] 2026-07-09 → 3 créneau(x) [10:00, 10:30, 11:00]
2026-06-11 10:13:35 [INFO] rdvpermis.bot —   🎯 [ROSNY B] 2026-07-03 → 4 créneau(x) [13:30, 14:00, 14:30, 15:00]
2026-06-11 10:13:35 [INFO] rdvpermis.bot —   🎯 [BOBIGNY B] 2026-07-10 → 3 créneau(x) [10:00, 10:30, 11:00]
2026-06-11 10:13:35 [INFO] rdvpermis.bot —   🎯 [ROSNY B] 2026-07-04 → 4 créneau(x) [13:30, 14:00, 14:30, 15:00]
2026-06-11 10:13:35 [INFO] rdvpermis.bot —   🎯 [BOBIGNY B] 2026-07-11 → 3 créneau(x) [10:00, 10:30, 11:00]
2026-06-11 10:13:35 [INFO] rdvpermis.bot —   🎯 [BOBIGNY B] 2026-07-12 → 3 créneau(x) [10:00, 10:30, 11:00]
2026-06-11 10:13:35 [INFO] rdvpermis.bot —   🎯 [ROSNY B] 2026-07-05 → 4 créneau(x) [13:30, 14:00, 14:30, 15:00]
2026-06-11 10:13:36 [INFO] rdvpermis.bot —   🎯 [ROSNY B] 2026-07-06 → 3 créneau(x) [14:30, 15:00, 15:30]
2026-06-11 10:13:36 [INFO] rdvpermis.bot —   🎯 [ROSNY B] 2026-07-07 → 3 créneau(x) [14:30, 15:00, 15:30]
2026-06-11 10:13:36 [INFO] rdvpermis.bot —   🎯 [ROSNY B] 2026-07-08 → 3 créneau(x) [14:30, 15:00, 15:30]
2026-06-11 10:13:36 [WARNING] rdvpermis.bot —   [93m⏳ Rate limit (429) — pause 2s[0m
2026-06-11 10:13:38 [WARNING] rdvpermis.bot —   [93m⏳ Rate limit (429) — pause 4s[0m
2026-06-11 10:13:42 [WARNING] rdvpermis.bot —   [93m⏳ Rate limit (429) — pause 8s[0m
2026-06-11 10:13:44 [INFO] rdvpermis.bot — Session fermée
2026-06-11 10:17:40 [INFO] rdvpermis.bot — Session HTTP créée
2026-06-11 10:17:40 [INFO] rdvpermis.bot —   Cookies chargés depuis cookies.json
2026-06-11 10:17:40 [INFO] rdvpermis.bot —   ✅ Session valide — Serhat YILDIRIM (MILAR)
2026-06-11 10:17:40 [INFO] rdvpermis.bot — 🤖 Bot démarré | 3 centre(s) | Horaires : 09:00–17:00 | Quota : 4 | Mode : consecutifs
2026-06-11 10:17:40 [INFO] rdvpermis.bot — 🛒 Panier : 0/36 | Quota : 0/4
2026-06-11 10:17:40 [INFO] rdvpermis.bot — --- It.#1 | Panier 0/36 | Réservés 0/4 | 10:17:40 ---
2026-06-11 10:18:25 [INFO] rdvpermis.bot — Session fermée
2026-06-11 10:19:06 [INFO] rdvpermis.bot — Session HTTP créée
2026-06-11 10:19:06 [INFO] rdvpermis.bot —   Cookies chargés depuis cookies.json
2026-06-11 10:19:06 [INFO] rdvpermis.bot —   ✅ Session valide — Serhat YILDIRIM (MILAR)
2026-06-11 10:19:06 [INFO] rdvpermis.bot — 🤖 Bot démarré | 6 centre(s) | Horaires : 09:00–17:00 | Quota : 4 | Mode : consecutifs
2026-06-11 10:19:06 [INFO] rdvpermis.bot — 🛒 Panier : 0/36 | Quota : 0/4
2026-06-11 10:19:06 [INFO] rdvpermis.bot — --- It.#1 | Panier 0/36 | Réservés 0/4 | 10:19:06 ---
2026-06-11 10:19:12 [INFO] rdvpermis.bot — Session fermée
2026-06-11 10:20:31 [INFO] rdvpermis.bot — Session HTTP créée
2026-06-11 10:20:31 [INFO] rdvpermis.bot —   Cookies chargés depuis cookies.json
2026-06-11 10:20:31 [INFO] rdvpermis.bot —   ✅ Session valide — Serhat YILDIRIM (MILAR)
2026-06-11 10:20:31 [INFO] rdvpermis.bot — 🤖 Bot démarré | 2 centre(s) | Horaires : 09:00–17:00 | Quota : 4 | Mode : consecutifs
2026-06-11 10:20:31 [INFO] rdvpermis.bot — 🛒 Panier : 0/36 | Quota : 0/4
2026-06-11 10:20:31 [INFO] rdvpermis.bot — --- It.#1 | Panier 0/36 | Réservés 0/4 | 10:20:31 ---
2026-06-11 10:20:42 [INFO] rdvpermis.bot —   🎯 [BOBIGNY B] 2026-07-06 → 3 créneau(x) [10:00, 10:30, 11:00]
2026-06-11 10:20:43 [INFO] rdvpermis.bot —   🎯 [BOBIGNY B] 2026-07-07 → 3 créneau(x) [10:00, 10:30, 11:00]
2026-06-11 10:20:44 [INFO] rdvpermis.bot —   🎯 [BOBIGNY B] 2026-07-08 → 3 créneau(x) [10:00, 10:30, 11:00]
2026-06-11 10:20:44 [INFO] rdvpermis.bot —   🎯 [BOBIGNY B] 2026-07-09 → 3 créneau(x) [10:00, 10:30, 11:00]
2026-06-11 10:20:45 [INFO] rdvpermis.bot —   🎯 [BOBIGNY B] 2026-07-10 → 3 créneau(x) [10:00, 10:30, 11:00]
2026-06-11 10:20:45 [INFO] rdvpermis.bot —   🎯 [BOBIGNY B] 2026-07-11 → 3 créneau(x) [10:00, 10:30, 11:00]
2026-06-11 10:20:46 [INFO] rdvpermis.bot —   🎯 [BOBIGNY B] 2026-07-12 → 3 créneau(x) [10:00, 10:30, 11:00]
2026-06-11 10:20:54 [INFO] rdvpermis.bot — Session fermée
2026-06-11 10:25:47 [INFO] rdvpermis.bot — Session HTTP créée
2026-06-11 10:25:47 [INFO] rdvpermis.bot —   Cookies chargés depuis cookies.json
2026-06-11 10:25:47 [INFO] rdvpermis.bot —   ✅ Session valide — Serhat YILDIRIM (MILAR)
2026-06-11 10:25:47 [INFO] rdvpermis.bot — 🤖 Bot démarré | 2 centre(s) | Horaires : 09:00–17:00 | Quota : 4 | Mode : consecutifs
2026-06-11 10:25:47 [INFO] rdvpermis.bot — 🛒 Panier : 0/36 | Quota : 0/4
2026-06-11 10:25:47 [INFO] rdvpermis.bot — --- It.#1 | Panier 0/36 | Réservés 0/4 | 10:25:47 ---
2026-06-11 10:25:48 [INFO] rdvpermis.bot —   🎯 [BOBIGNY B] 2026-07-06 → 3 créneau(x) [10:00, 10:30, 11:00]
2026-06-11 10:25:48 [INFO] rdvpermis.bot —   🎯 [BOBIGNY B] 2026-07-07 → 3 créneau(x) [10:00, 10:30, 11:00]
2026-06-11 10:25:48 [INFO] rdvpermis.bot —   🎯 [BOBIGNY B] 2026-07-08 → 3 créneau(x) [10:00, 10:30, 11:00]
2026-06-11 10:25:48 [INFO] rdvpermis.bot —   🎯 [BOBIGNY B] 2026-07-09 → 3 créneau(x) [10:00, 10:30, 11:00]
2026-06-11 10:25:49 [INFO] rdvpermis.bot —   🎯 [BOBIGNY B] 2026-07-10 → 3 créneau(x) [10:00, 10:30, 11:00]
2026-06-11 10:25:49 [INFO] rdvpermis.bot —   🎯 [BOBIGNY B] 2026-07-11 → 3 créneau(x) [10:00, 10:30, 11:00]
2026-06-11 10:25:49 [INFO] rdvpermis.bot —   🎯 [BOBIGNY B] 2026-07-12 → 3 créneau(x) [10:00, 10:30, 11:00]
2026-06-11 10:25:53 [INFO] rdvpermis.bot —   🎯 [ROSNY B] 2026-06-29 → 4 créneau(x) [13:30, 14:00, 14:30, 15:00]
2026-06-11 10:25:53 [INFO] rdvpermis.bot —   🎯 [ROSNY B] 2026-06-30 → 4 créneau(x) [13:30, 14:00, 14:30, 15:00]
2026-06-11 10:25:53 [INFO] rdvpermis.bot —   🎯 [ROSNY B] 2026-07-01 → 4 créneau(x) [13:30, 14:00, 14:30, 15:00]
2026-06-11 10:25:53 [INFO] rdvpermis.bot —   🎯 [ROSNY B] 2026-07-02 → 4 créneau(x) [13:30, 14:00, 14:30, 15:00]
2026-06-11 10:25:54 [INFO] rdvpermis.bot —   🎯 [ROSNY B] 2026-07-03 → 4 créneau(x) [13:30, 14:00, 14:30, 15:00]
2026-06-11 10:25:54 [INFO] rdvpermis.bot —   🎯 [ROSNY B] 2026-07-04 → 4 créneau(x) [13:30, 14:00, 14:30, 15:00]
2026-06-11 10:25:54 [INFO] rdvpermis.bot — Session fermée
2026-06-11 10:28:40 [INFO] rdvpermis.bot — Session HTTP créée
2026-06-11 10:28:40 [INFO] rdvpermis.bot —   Cookies chargés depuis cookies.json
2026-06-11 10:28:40 [INFO] rdvpermis.bot —   ✅ Session valide — Serhat YILDIRIM (MILAR)
2026-06-11 10:28:40 [INFO] rdvpermis.bot — 🤖 Bot démarré | 2 centre(s) | Horaires : 09:00–17:00 | Quota : 4 | Mode : consecutifs
2026-06-11 10:28:40 [INFO] rdvpermis.bot — 🛒 Panier : 0/36 | Quota : 0/4
2026-06-11 10:28:40 [INFO] rdvpermis.bot — --- It.#1 | Panier 0/36 | Réservés 0/4 | 10:28:40 ---
2026-06-11 10:28:42 [INFO] rdvpermis.bot —   🎯 [ROSNY B] 2026-06-29 → 4 créneau(x) [13:30, 14:00, 14:30, 15:00]
2026-06-11 10:28:42 [INFO] rdvpermis.bot —   🎯 [ROSNY B] 2026-06-30 → 4 créneau(x) [13:30, 14:00, 14:30, 15:00]
2026-06-11 10:28:46 [INFO] rdvpermis.bot —   🎯 [ROSNY B] 2026-06-29 → 4 créneau(x) [13:30, 14:00, 14:30, 15:00]
2026-06-11 10:28:46 [INFO] rdvpermis.bot —   🎯 [ROSNY B] 2026-06-30 → 4 créneau(x) [13:30, 14:00, 14:30, 15:00]
2026-06-11 10:28:50 [INFO] rdvpermis.bot —   🎯 [ROSNY B] 2026-06-29 → 4 créneau(x) [13:30, 14:00, 14:30, 15:00]
2026-06-11 10:28:51 [INFO] rdvpermis.bot —   🎯 [ROSNY B] 2026-06-30 → 4 créneau(x) [13:30, 14:00, 14:30, 15:00]
2026-06-11 10:28:51 [INFO] rdvpermis.bot — Session fermée
2026-06-11 10:31:11 [INFO] rdvpermis.bot — Session HTTP créée
2026-06-11 10:31:11 [INFO] rdvpermis.bot —   Cookies chargés depuis cookies.json
2026-06-11 10:31:11 [INFO] rdvpermis.bot —   ✅ Session valide — Serhat YILDIRIM (MILAR)
2026-06-11 10:31:11 [INFO] rdvpermis.bot — 🤖 Bot démarré | 2 centre(s) | Horaires : 09:00–17:00 | Quota : 4 | Mode : consecutifs
2026-06-11 10:31:11 [INFO] rdvpermis.bot — 🛒 Panier : 0/36 | Quota : 0/4
2026-06-11 10:31:11 [INFO] rdvpermis.bot — --- It.#1 | Panier 0/36 | Réservés 0/4 | 10:31:11 ---
2026-06-11 10:31:13 [INFO] rdvpermis.bot —   ⚠️ [ROSNY B] 2026-06-29 13:30 → échec: deja_pris
2026-06-11 10:31:13 [INFO] rdvpermis.bot —   ⚠️ [ROSNY B] 2026-06-29 14:00 → échec: deja_pris
2026-06-11 10:31:13 [INFO] rdvpermis.bot —   ⚠️ [ROSNY B] 2026-06-29 14:30 → échec: deja_pris
2026-06-11 10:31:13 [INFO] rdvpermis.bot —   ⚠️ [ROSNY B] 2026-06-29 15:00 → échec: deja_pris
2026-06-11 10:31:13 [INFO] rdvpermis.bot —   ⚠️ [ROSNY B] 2026-06-30 13:30 → échec: deja_pris
2026-06-11 10:31:13 [INFO] rdvpermis.bot —   ⚠️ [ROSNY B] 2026-06-30 14:00 → échec: deja_pris
2026-06-11 10:31:13 [INFO] rdvpermis.bot —   ⚠️ [ROSNY B] 2026-06-30 14:30 → échec: deja_pris
2026-06-11 10:31:13 [INFO] rdvpermis.bot —   ⚠️ [ROSNY B] 2026-06-30 15:00 → échec: deja_pris
2026-06-11 10:31:17 [INFO] rdvpermis.bot —   ⚠️ [ROSNY B] 2026-06-29 13:30 → échec: deja_pris
2026-06-11 10:31:17 [INFO] rdvpermis.bot —   ⚠️ [ROSNY B] 2026-06-29 14:00 → échec: deja_pris
2026-06-11 10:31:17 [INFO] rdvpermis.bot —   ⚠️ [ROSNY B] 2026-06-29 14:30 → échec: deja_pris
2026-06-11 10:31:17 [INFO] rdvpermis.bot —   ⚠️ [ROSNY B] 2026-06-29 15:00 → échec: deja_pris
2026-06-11 10:31:17 [INFO] rdvpermis.bot —   ⚠️ [ROSNY B] 2026-06-30 13:30 → échec: deja_pris
2026-06-11 10:31:17 [INFO] rdvpermis.bot —   ⚠️ [ROSNY B] 2026-06-30 14:00 → échec: deja_pris
2026-06-11 10:31:17 [INFO] rdvpermis.bot —   ⚠️ [ROSNY B] 2026-06-30 14:30 → échec: deja_pris
2026-06-11 10:31:17 [INFO] rdvpermis.bot —   ⚠️ [ROSNY B] 2026-06-30 15:00 → échec: deja_pris
2026-06-11 10:31:21 [INFO] rdvpermis.bot —   ⚠️ [ROSNY B] 2026-06-29 13:30 → échec: deja_pris
2026-06-11 10:31:21 [INFO] rdvpermis.bot —   ⚠️ [ROSNY B] 2026-06-29 14:00 → échec: deja_pris
2026-06-11 10:31:21 [INFO] rdvpermis.bot —   ⚠️ [ROSNY B] 2026-06-29 14:30 → échec: deja_pris
2026-06-11 10:31:21 [INFO] rdvpermis.bot —   ⚠️ [ROSNY B] 2026-06-29 15:00 → échec: deja_pris
2026-06-11 10:31:21 [INFO] rdvpermis.bot —   ⚠️ [ROSNY B] 2026-06-30 13:30 → échec: deja_pris
2026-06-11 10:31:21 [INFO] rdvpermis.bot —   ⚠️ [ROSNY B] 2026-06-30 14:00 → échec: deja_pris
2026-06-11 10:31:21 [INFO] rdvpermis.bot —   ⚠️ [ROSNY B] 2026-06-30 14:30 → échec: deja_pris
2026-06-11 10:31:21 [INFO] rdvpermis.bot — Session fermée
2026-06-11 10:34:21 [INFO] rdvpermis.bot — Session HTTP créée
2026-06-11 10:34:21 [INFO] rdvpermis.bot —   Cookies chargés depuis cookies.json
2026-06-11 10:34:21 [INFO] rdvpermis.bot —   ✅ Session valide — Serhat YILDIRIM (MILAR)
2026-06-11 10:34:21 [INFO] rdvpermis.bot — 🤖 Bot démarré | 2 centre(s) | Horaires : 09:00–17:00 | Quota : 4 | Mode : consecutifs
2026-06-11 10:34:21 [INFO] rdvpermis.bot — 🛒 Panier : 0/36 | Quota : 0/4
2026-06-11 10:34:21 [INFO] rdvpermis.bot — --- It.#1 | Panier 0/36 | Réservés 0/4 | 10:34:21 ---
2026-06-11 10:34:42 [INFO] rdvpermis.bot — Session fermée
2026-06-11 10:35:10 [INFO] rdvpermis.bot — Session HTTP créée
2026-06-11 10:35:10 [INFO] rdvpermis.bot —   Cookies chargés depuis cookies.json
2026-06-11 10:35:10 [INFO] rdvpermis.bot —   ✅ Session valide — Serhat YILDIRIM (MILAR)
2026-06-11 10:35:10 [INFO] rdvpermis.bot — 🤖 Bot démarré | 2 centre(s) | Horaires : 07:00–17:00 | Quota : 4 | Mode : consecutifs
2026-06-11 10:35:11 [INFO] rdvpermis.bot — 🛒 Panier : 0/36 | Quota : 0/4
2026-06-11 10:35:11 [INFO] rdvpermis.bot — --- It.#1 | Panier 0/36 | Réservés 0/4 | 10:35:11 ---
2026-06-11 10:35:11 [WARNING] rdvpermis.bot —   ⏳ Rate limit (429) — pause 5s
2026-06-11 10:35:16 [WARNING] rdvpermis.bot —   ⏳ Rate limit (429) — pause 5s
2026-06-11 10:35:19 [INFO] rdvpermis.bot — Session fermée
2026-06-11 10:38:23 [INFO] rdvpermis.bot — Session HTTP créée
2026-06-11 10:38:23 [INFO] rdvpermis.bot —   Cookies chargés depuis cookies.json
2026-06-11 10:38:24 [INFO] rdvpermis.bot —   ✅ Session valide — Serhat YILDIRIM (MILAR)
2026-06-11 10:38:24 [INFO] rdvpermis.bot — 🤖 Bot démarré | 2 centre(s) | Horaires : 07:00–17:00 | Quota : 4 | Mode : consecutifs
2026-06-11 10:38:24 [INFO] rdvpermis.bot — 🛒 Panier : 0/36 | Quota : 0/4
2026-06-11 10:38:24 [INFO] rdvpermis.bot — --- It.#1 | Panier 0/36 | Réservés 0/4 | 10:38:24 ---
2026-06-11 10:38:24 [WARNING] rdvpermis.bot —   ⏳ Rate limit (429) — pause 14s
2026-06-11 10:38:35 [INFO] rdvpermis.bot — Session fermée
2026-06-11 10:39:54 [INFO] rdvpermis.bot — Session HTTP créée
2026-06-11 10:39:54 [INFO] rdvpermis.bot —   Cookies chargés depuis cookies.json
2026-06-11 10:39:54 [INFO] rdvpermis.bot —   ✅ Session valide — Serhat YILDIRIM (MILAR)
2026-06-11 10:39:54 [INFO] rdvpermis.bot — 🤖 Bot démarré | 2 centre(s) | Horaires : 09:00–17:00 | Quota : 4 | Mode : consecutifs
2026-06-11 10:39:54 [INFO] rdvpermis.bot — 🛒 Panier : 0/36 | Quota : 0/4
2026-06-11 10:39:54 [INFO] rdvpermis.bot — --- It.#1 | Panier 0/36 | Réservés 0/4 | 10:39:54 ---
2026-06-11 10:39:54 [WARNING] rdvpermis.bot —   ⏳ Rate limit (429) — pause 15s
2026-06-11 10:39:59 [INFO] rdvpermis.bot — Session fermée
2026-06-11 10:40:38 [INFO] rdvpermis.bot — Session HTTP créée
2026-06-11 10:40:38 [INFO] rdvpermis.bot —   Cookies chargés depuis cookies.json
2026-06-11 10:40:38 [INFO] rdvpermis.bot —   ✅ Session valide — Serhat YILDIRIM (MILAR)
2026-06-11 10:40:38 [INFO] rdvpermis.bot — 🤖 Bot démarré | 6 centre(s) | Horaires : 09:00–17:00 | Quota : 36 | Mode : consecutifs
2026-06-11 10:40:38 [INFO] rdvpermis.bot — 🛒 Panier : 0/36 | Quota : 0/36
2026-06-11 10:40:38 [INFO] rdvpermis.bot — --- It.#1 | Panier 0/36 | Réservés 0/36 | 10:40:38 ---
2026-06-11 10:40:45 [INFO] rdvpermis.bot — Session fermée
2026-06-11 10:41:01 [INFO] rdvpermis.bot — Session HTTP créée
2026-06-11 10:41:01 [INFO] rdvpermis.bot —   Cookies chargés depuis cookies.json
2026-06-11 10:41:01 [INFO] rdvpermis.bot —   ✅ Session valide — Serhat YILDIRIM (MILAR)
2026-06-11 10:41:01 [INFO] rdvpermis.bot — 🛒 Panier : 0/36 | Quota : 0/36
2026-06-11 10:41:01 [INFO] rdvpermis.bot — Session fermée
2026-06-11 10:48:13 [INFO] rdvpermis.bot — Session HTTP créée
2026-06-11 10:48:13 [INFO] rdvpermis.bot —   Cookies chargés depuis cookies.json
2026-06-11 10:48:13 [INFO] rdvpermis.bot —   ✅ Session valide — Serhat YILDIRIM (MILAR)
2026-06-11 10:48:13 [INFO] rdvpermis.bot — 🤖 Bot démarré | 6 centre(s) | Horaires : 09:00–17:00 | Quota : 36 | Mode : consecutifs
2026-06-11 10:48:13 [INFO] rdvpermis.bot — 🛒 Panier : 0/36 | Quota : 0/36
2026-06-11 10:48:13 [INFO] rdvpermis.bot — --- It.#1 | Panier 0/36 | Réservés 0/36 | 10:48:13 ---
2026-06-11 10:48:28 [INFO] rdvpermis.bot — Session fermée
2026-06-11 10:48:34 [INFO] rdvpermis.bot — Session HTTP créée
2026-06-11 10:48:34 [INFO] rdvpermis.bot —   Cookies chargés depuis cookies.json
2026-06-11 10:48:34 [INFO] rdvpermis.bot —   ✅ Session valide — Serhat YILDIRIM (MILAR)
2026-06-11 10:48:34 [INFO] rdvpermis.bot — 🤖 Bot démarré | 2 centre(s) | Horaires : 09:00–17:00 | Quota : 4 | Mode : consecutifs
2026-06-11 10:48:34 [INFO] rdvpermis.bot — 🛒 Panier : 0/36 | Quota : 0/4
2026-06-11 10:48:34 [INFO] rdvpermis.bot — --- It.#1 | Panier 0/36 | Réservés 0/4 | 10:48:34 ---
2026-06-11 10:48:34 [WARNING] rdvpermis.bot —   ⏳ Rate limit (429) — pause 8s
2026-06-11 10:48:37 [INFO] rdvpermis.bot — Session fermée
2026-06-11 10:52:53 [INFO] rdvpermis.bot — Session HTTP créée
2026-06-11 10:52:53 [INFO] rdvpermis.bot —   Cookies chargés depuis cookies.json
2026-06-11 10:52:54 [INFO] rdvpermis.bot —   ✅ Session valide — Serhat YILDIRIM (MILAR)
2026-06-11 10:52:54 [INFO] rdvpermis.bot — 🤖 Bot démarré | 2 centre(s) | Horaires : 09:00–17:00 | Quota : 4 | Mode : consecutifs
2026-06-11 10:52:54 [INFO] rdvpermis.bot — 🛒 Panier : 0/36 | Quota : 0/4
2026-06-11 10:52:54 [INFO] rdvpermis.bot — --- It.#1 | Panier 0/36 | Réservés 0/4 | 10:52:54 ---
2026-06-11 10:52:54 [WARNING] rdvpermis.bot —   ⏳ Rate limit (429) — pause 8s
2026-06-11 10:53:03 [WARNING] rdvpermis.bot —   ⏳ Rate limit (429) — pause 15s
2026-06-11 10:53:05 [INFO] rdvpermis.bot — Session fermée
2026-06-11 10:55:19 [INFO] rdvpermis.bot — Session HTTP créée
2026-06-11 10:55:19 [INFO] rdvpermis.bot —   Cookies chargés depuis cookies.json
2026-06-11 10:55:19 [INFO] rdvpermis.bot —   ✅ Session valide — Serhat YILDIRIM (MILAR)
2026-06-11 10:55:19 [INFO] rdvpermis.bot — 🛒 Panier : 0/36 | Quota : 0/36
2026-06-11 10:55:19 [INFO] rdvpermis.bot — Session fermée
2026-06-11 11:00:17 [INFO] rdvpermis.bot — Session HTTP créée
2026-06-11 11:00:17 [INFO] rdvpermis.bot —   Cookies chargés depuis cookies.json
2026-06-11 11:00:17 [INFO] rdvpermis.bot —   ✅ Session valide — Serhat YILDIRIM (MILAR)
2026-06-11 11:00:17 [INFO] rdvpermis.bot — 🤖 Bot démarré | 2 centre(s) | Horaires : 09:00–17:00 | Quota : 4 | Mode : consecutifs
2026-06-11 11:00:17 [INFO] rdvpermis.bot — 🛒 Panier : 0/36 | Quota : 0/4
2026-06-11 11:00:17 [INFO] rdvpermis.bot — --- It.#1 | Panier 0/36 | Réservés 0/4 | 11:00:17 ---
2026-06-11 11:00:18 [WARNING] rdvpermis.bot —   ⏳ Rate limit (429) — pause 11s
2026-06-11 11:00:29 [WARNING] rdvpermis.bot —   ⏳ Rate limit (429) — pause 8s
2026-06-11 11:00:38 [WARNING] rdvpermis.bot —   ⏳ Rate limit (429) — pause 8s
2026-06-11 11:00:47 [WARNING] rdvpermis.bot —   ⏳ Rate limit (429) — pause 8s
2026-06-11 11:00:55 [WARNING] rdvpermis.bot —   ⏳ Rate limit (429) — pause 9s
2026-06-11 11:01:05 [WARNING] rdvpermis.bot —   ⏳ Rate limit (429) — pause 8s
2026-06-11 11:01:08 [INFO] rdvpermis.bot — Session fermée
2026-06-15 05:15:41 [INFO] rdvpermis.bot — Session HTTP créée
2026-06-15 05:15:41 [INFO] rdvpermis.bot —   Cookies chargés depuis cookies.json
2026-06-15 05:15:42 [WARNING] rdvpermis.bot —   Session invalide — HTTP 401
2026-06-15 05:15:42 [CRITICAL] rdvpermis.main — ❌ Session invalide — lance : python main.py --login
2026-06-15 05:15:42 [INFO] rdvpermis.bot — Session fermée
2026-06-18 01:41:18 [INFO] rdvpermis.bot — Session HTTP créée
2026-06-18 01:41:18 [INFO] rdvpermis.bot —   Cookies chargés depuis cookies.json
2026-06-18 01:41:18 [INFO] rdvpermis.bot —   ✅ Session valide — Serhat YILDIRIM (MILAR)
2026-06-18 01:41:18 [INFO] rdvpermis.bot — 🛒 Panier : 0/36 | Quota : 0/36
2026-06-18 01:41:18 [INFO] rdvpermis.bot — Session fermée
2026-07-03 10:39:30 [INFO] rdvpermis.bot — Session HTTP créée
2026-07-03 10:39:30 [INFO] rdvpermis.bot —   Cookies chargés depuis cookies.json
2026-07-03 10:39:30 [INFO] rdvpermis.bot —   ✅ Session valide — Serhat YILDIRIM (MILAR)
2026-07-03 10:39:30 [INFO] rdvpermis.bot — 🤖 Bot démarré | 1 centre(s) | Horaires : 09:00–17:00 | Quota : 4 | Mode : consecutifs
2026-07-03 10:39:30 [INFO] rdvpermis.bot — 🛒 Panier : 0/36 | Quota : 0/4
2026-07-03 10:39:30 [INFO] rdvpermis.bot — --- It.#1 | Panier 0/36 | Réservés 0/4 | 10:39:30 ---
2026-07-03 10:40:24 [INFO] rdvpermis.bot — Session fermée
2026-07-03 10:40:26 [INFO] rdvpermis.bot — Session HTTP créée
2026-07-03 10:40:26 [INFO] rdvpermis.bot —   Cookies chargés depuis cookies.json
2026-07-03 10:40:27 [INFO] rdvpermis.bot —   ✅ Session valide — Serhat YILDIRIM (MILAR)
2026-07-03 10:40:27 [INFO] rdvpermis.bot — 🤖 Bot démarré | 1 centre(s) | Horaires : 09:00–17:00 | Quota : 4 | Mode : consecutifs
2026-07-03 10:40:27 [INFO] rdvpermis.bot — 🛒 Panier : 0/36 | Quota : 0/4
2026-07-03 10:40:27 [INFO] rdvpermis.bot — --- It.#1 | Panier 0/36 | Réservés 0/4 | 10:40:27 ---
2026-07-03 10:41:21 [INFO] rdvpermis.bot — Session fermée
2026-07-03 10:41:45 [INFO] rdvpermis.bot — Session HTTP créée
2026-07-03 10:41:45 [INFO] rdvpermis.bot —   Cookies chargés depuis cookies.json
2026-07-03 10:41:45 [INFO] rdvpermis.bot —   ✅ Session valide — Serhat YILDIRIM (MILAR)
2026-07-03 10:41:45 [INFO] rdvpermis.bot — 🤖 Bot démarré | 1 centre(s) | Horaires : 09:00–17:00 | Quota : 4 | Mode : consecutifs
2026-07-03 10:41:45 [INFO] rdvpermis.bot — 🛒 Panier : 0/36 | Quota : 0/4
2026-07-03 10:41:45 [INFO] rdvpermis.bot — --- It.#1 | Panier 0/36 | Réservés 0/4 | 10:41:45 ---
2026-07-03 10:42:01 [INFO] rdvpermis.bot — Session fermée
2026-07-03 10:42:03 [INFO] rdvpermis.bot — Session HTTP créée
2026-07-03 10:42:03 [INFO] rdvpermis.bot —   Cookies chargés depuis cookies.json
2026-07-03 10:42:03 [INFO] rdvpermis.bot —   ✅ Session valide — Serhat YILDIRIM (MILAR)
2026-07-03 10:42:03 [INFO] rdvpermis.bot — 🤖 Bot démarré | 1 centre(s) | Horaires : 09:00–17:00 | Quota : 4 | Mode : consecutifs
2026-07-03 10:42:03 [INFO] rdvpermis.bot — 🛒 Panier : 0/36 | Quota : 0/4
2026-07-03 10:42:03 [INFO] rdvpermis.bot — --- It.#1 | Panier 0/36 | Réservés 0/4 | 10:42:03 ---
2026-07-03 10:42:11 [INFO] rdvpermis.bot — Session fermée
2026-07-07 14:12:17 [INFO] rdvpermis.bot — Session HTTP créée
2026-07-07 14:12:17 [INFO] rdvpermis.bot —   Cookies chargés depuis cookies.json
2026-07-07 14:12:18 [INFO] rdvpermis.bot —   ✅ Session valide — Serhat YILDIRIM (MILAR)
2026-07-07 14:12:18 [INFO] rdvpermis.bot — 🤖 Bot démarré | 1 centre(s) | Horaires : 09:00–11:00 | Quota : 2 | Mode : consecutifs
2026-07-07 14:12:18 [INFO] rdvpermis.bot — 🛒 Panier : 0/36 | Quota : 0/2
2026-07-07 14:12:18 [INFO] rdvpermis.bot — --- It.#1 | Panier 0/36 | Réservés 0/2 | 14:12:18 ---
2026-07-07 14:12:23 [INFO] rdvpermis.bot — Session fermée
2026-07-07 14:57:20 [INFO] rdvpermis.bot — Session HTTP créée
2026-07-07 14:57:20 [INFO] rdvpermis.bot —   Cookies chargés depuis cookies.json
2026-07-07 14:57:20 [INFO] rdvpermis.bot —   ✅ Session valide — Serhat YILDIRIM (MILAR)
2026-07-07 14:57:20 [INFO] rdvpermis.bot — 🤖 Bot démarré | 1 centre(s) | Horaires : 09:00–11:00 | Quota : 2 | Mode : consecutifs
2026-07-07 14:57:20 [INFO] rdvpermis.bot — 🛒 Panier : 0/36 | Quota : 0/2
2026-07-07 14:57:20 [INFO] rdvpermis.bot — --- It.#1 | Panier 0/36 | Réservés 0/2 | 14:57:20 ---
2026-07-07 14:58:02 [INFO] rdvpermis.bot — Session fermée
2026-07-07 14:58:09 [INFO] rdvpermis.bot — Session HTTP créée
2026-07-07 14:58:09 [INFO] rdvpermis.bot —   Cookies chargés depuis cookies.json
2026-07-07 14:58:09 [INFO] rdvpermis.bot —   ✅ Session valide — Serhat YILDIRIM (MILAR)
2026-07-07 14:58:09 [INFO] rdvpermis.bot — 🤖 Bot démarré | 1 centre(s) | Horaires : 09:00–11:00 | Quota : 2 | Mode : consecutifs
2026-07-07 14:58:09 [INFO] rdvpermis.bot — 🛒 Panier : 0/36 | Quota : 0/2
2026-07-07 14:58:09 [INFO] rdvpermis.bot — --- It.#1 | Panier 0/36 | Réservés 0/2 | 14:58:09 ---
2026-07-07 14:59:14 [WARNING] rdvpermis.bot —   ⏳ Rate limit (429) — pause 15s
2026-07-07 14:59:29 [WARNING] rdvpermis.bot —   ⏳ Rate limit (429) — pause 10s
2026-07-07 14:59:33 [INFO] rdvpermis.bot — Session fermée
2026-07-07 14:59:54 [INFO] rdvpermis.bot — Session HTTP créée
2026-07-07 14:59:54 [INFO] rdvpermis.bot —   Cookies chargés depuis cookies.json
2026-07-07 14:59:54 [INFO] rdvpermis.bot —   ✅ Session valide — Serhat YILDIRIM (MILAR)
2026-07-07 14:59:54 [INFO] rdvpermis.bot — 🤖 Bot démarré | 1 centre(s) | Horaires : 09:00–11:00 | Quota : 2 | Mode : consecutifs
2026-07-07 14:59:54 [INFO] rdvpermis.bot — 🛒 Panier : 0/36 | Quota : 0/2
2026-07-07 14:59:54 [INFO] rdvpermis.bot — --- It.#1 | Panier 0/36 | Réservés 0/2 | 14:59:54 ---
2026-07-07 14:59:55 [WARNING] rdvpermis.bot —   ⏳ Rate limit (429) — pause 8s
2026-07-07 15:00:01 [INFO] rdvpermis.bot — Session fermée
2026-07-07 16:54:21 [INFO] rdvpermis.bot — Session HTTP créée
2026-07-07 16:54:21 [INFO] rdvpermis.bot —   Cookies chargés depuis cookies.json
2026-07-07 16:54:21 [INFO] rdvpermis.bot —   ✅ Session valide — Serhat YILDIRIM (MILAR)
2026-07-07 16:54:21 [INFO] rdvpermis.bot — 🤖 Bot initialisé | 1 centre(s) cible(s) | Plage horaire : 09:00–11:00 | Quota maximal : 2
2026-07-07 16:54:23 [INFO] rdvpermis.bot — 🛒 Panier : 0/36 | Quota : 0/2
2026-07-07 16:54:23 [INFO] rdvpermis.bot — ⚡ [92m[1mRUSH ACTIF[0m --- It.#1 | Panier 0/36 | Réservés 0/2 | 16:54:23 ---
2026-07-07 16:54:28 [INFO] rdvpermis.bot — Session fermée
2026-07-07 16:56:36 [INFO] rdvpermis.bot — Session HTTP créée
2026-07-07 16:56:36 [INFO] rdvpermis.bot —   Cookies chargés depuis cookies.json
2026-07-07 16:56:36 [INFO] rdvpermis.bot —   ✅ Session valide — Serhat YILDIRIM (MILAR)
2026-07-07 16:56:36 [INFO] rdvpermis.bot — 🤖 Bot initialisé | 1 centre(s) cible(s) | Plage horaire : 09:00–11:00 | Quota maximal : 2
2026-07-07 16:56:36 [INFO] rdvpermis.bot — 🛒 Panier : 0/36 | Quota : 0/2
2026-07-07 16:56:36 [INFO] rdvpermis.bot — ⚡ [92m[1mRUSH ACTIF[0m --- It.#1 | Panier 0/36 | Réservés 0/2 | 16:56:36 ---
2026-07-07 16:56:41 [INFO] rdvpermis.bot — Session fermée
2026-07-08 10:35:53 [INFO] rdvpermis.bot — Session HTTP créée
2026-07-08 10:35:53 [INFO] rdvpermis.bot —   Cookies chargés depuis cookies.json
2026-07-08 10:35:54 [WARNING] rdvpermis.bot —   Session invalide — HTTP 401
2026-07-08 10:35:54 [CRITICAL] rdvpermis.main — ❌ Session invalide — lance : python main.py --login
2026-07-08 10:35:54 [INFO] rdvpermis.bot — Session fermée
2026-07-08 11:00:05 [INFO] rdvpermis.bot — Session HTTP créée
2026-07-08 11:00:05 [INFO] rdvpermis.bot —   Cookies chargés depuis cookies.json
2026-07-08 11:00:05 [WARNING] rdvpermis.bot —   Session invalide — HTTP 401
2026-07-08 11:00:05 [CRITICAL] rdvpermis.main — ❌ Session invalide — lance : python main.py --login
2026-07-08 11:00:05 [INFO] rdvpermis.bot — Session fermée
2026-07-08 11:00:25 [INFO] rdvpermis.bot — Session HTTP créée
2026-07-08 11:00:25 [INFO] rdvpermis.bot —   Cookies chargés depuis cookies.json
2026-07-08 11:00:25 [INFO] rdvpermis.bot —   ✅ Session valide — Serhat YILDIRIM (MILAR)
2026-07-08 11:00:25 [INFO] rdvpermis.bot — 🤖 Bot initialisé | 1 centre(s) cible(s) | Plage horaire : 09:00–11:00 | Quota maximal : 1
2026-07-08 11:00:25 [INFO] rdvpermis.bot — 🛒 Panier : 1/36 | Quota : 0/1
2026-07-08 11:00:25 [INFO] rdvpermis.bot — ⚡ [92m[1mRUSH ACTIF[0m --- It.#1 | Panier 1/36 | Réservés 0/1 | 11:00:25 ---
2026-07-08 11:00:29 [INFO] rdvpermis.bot — [92m[1m✅✅ RÉSERVÉ ! [ARGENTEUIL B] 10:00 — Panier: 2/36 | Quota: 1/1[0m
2026-07-08 11:00:30 [INFO] rdvpermis.bot — [92m[1m🏁 Quota atteint — bot terminé[0m
2026-07-08 11:00:30 [INFO] rdvpermis.bot — Session fermée
15:27:38 [INFO] Session HTTP créée
15:27:38 [INFO]   Cookies chargés depuis cookies.json
15:27:38 [WARNING]   Session invalide — HTTP 401
15:27:38 [INFO] Session fermée
15:28:28 [INFO] Session HTTP créée
15:28:28 [INFO]   Cookies chargés depuis cookies.json
15:28:28 [INFO]   ✅ Session valide — Serhat YILDIRIM (MILAR)
15:28:28 [INFO] 🛒 Panier : 0/36 | Quota : 0/36
15:28:28 [INFO] Session fermée
15:28:31 [INFO] Session HTTP créée
15:28:31 [INFO]   Cookies chargés depuis cookies.json
15:28:31 [INFO]   ✅ Session valide — Serhat YILDIRIM (MILAR)
15:28:31 [INFO] 🤖 Bot initialisé | 6 centre(s) cible(s) | Plage horaire : 09:00–17:00 | Quota maximal : 36
15:28:32 [INFO] 🛒 Panier : 0/36 | Quota : 0/36
15:28:32 [INFO] ⚡ [92m[1mRUSH ACTIF[0m --- It.#1 | Panier 0/36 | Réservés 0/36 | 15:28:32 ---
15:28:39 [INFO] ⛔ Arrêt demandé par l'utilisateur
15:28:39 [INFO] Session fermée
2026-07-28 11:27:42 [INFO] rdvpermis.bot — Session HTTP créée
2026-07-28 11:27:42 [INFO] rdvpermis.bot —   Cookies chargés depuis cookies.json
2026-07-28 11:27:42 [INFO] rdvpermis.bot —   ✅ Session valide — Serhat YILDIRIM (MILAR)
2026-07-28 11:27:42 [INFO] rdvpermis.bot — 🤖 Bot initialisé | 1 centre(s) cible(s) | Plage horaire : 09:00–11:00 | Quota maximal : 2
2026-07-28 11:27:42 [INFO] rdvpermis.bot — 🛒 Panier : 0/36 | Quota : 0/2
2026-07-28 11:27:42 [INFO] rdvpermis.bot — 🎧 [93mMode attente passive actif[0m | Réveil prévu à 11:29 | Temps restant : 1m 17s
2026-07-28 11:28:42 [INFO] rdvpermis.bot — 🎧 [93mMode attente passive actif[0m | Réveil prévu à 11:29 | Temps restant : 0m 17s
2026-07-28 11:28:52 [INFO] rdvpermis.bot — 🎧 [93mMode attente passive actif[0m | Réveil prévu à 11:29 | Temps restant : 0m 7s
2026-07-28 11:29:00 [INFO] rdvpermis.bot — ⚡ [92m[1mRUSH ACTIF[0m --- It.#9 | Panier 0/36 | Réservés 0/2 | 11:29:00 ---
2026-07-28 11:29:00 [INFO] rdvpermis.bot — ⚡ [92m[1mRUSH ACTIF[0m --- It.#10 | Panier 0/36 | Réservés 0/2 | 11:29:00 ---
2026-07-28 11:29:01 [INFO] rdvpermis.bot — ⚡ [92m[1mRUSH ACTIF[0m --- It.#11 | Panier 0/36 | Réservés 0/2 | 11:29:01 ---
2026-07-28 11:29:02 [INFO] rdvpermis.bot — ⚡ [92m[1mRUSH ACTIF[0m --- It.#12 | Panier 0/36 | Réservés 0/2 | 11:29:02 ---
2026-07-28 11:29:03 [INFO] rdvpermis.bot — ⚡ [92m[1mRUSH ACTIF[0m --- It.#13 | Panier 0/36 | Réservés 0/2 | 11:29:03 ---
2026-07-28 11:29:04 [INFO] rdvpermis.bot — ⚡ [92m[1mRUSH ACTIF[0m --- It.#14 | Panier 0/36 | Réservés 0/2 | 11:29:04 ---
2026-07-28 11:29:04 [INFO] rdvpermis.bot — ⚡ [92m[1mRUSH ACTIF[0m --- It.#15 | Panier 0/36 | Réservés 0/2 | 11:29:04 ---
2026-07-28 11:29:05 [INFO] rdvpermis.bot — ⚡ [92m[1mRUSH ACTIF[0m --- It.#16 | Panier 0/36 | Réservés 0/2 | 11:29:05 ---
2026-07-28 11:29:06 [INFO] rdvpermis.bot — ⚡ [92m[1mRUSH ACTIF[0m --- It.#17 | Panier 0/36 | Réservés 0/2 | 11:29:06 ---
2026-07-28 11:29:07 [INFO] rdvpermis.bot — ⚡ [92m[1mRUSH ACTIF[0m --- It.#18 | Panier 0/36 | Réservés 0/2 | 11:29:07 ---
2026-07-28 11:29:07 [INFO] rdvpermis.bot — ⚡ [92m[1mRUSH ACTIF[0m --- It.#19 | Panier 0/36 | Réservés 0/2 | 11:29:07 ---
2026-07-28 11:29:08 [INFO] rdvpermis.bot — ⚡ [92m[1mRUSH ACTIF[0m --- It.#20 | Panier 0/36 | Réservés 0/2 | 11:29:08 ---
2026-07-28 11:29:09 [INFO] rdvpermis.bot — ⚡ [92m[1mRUSH ACTIF[0m --- It.#21 | Panier 0/36 | Réservés 0/2 | 11:29:09 ---
2026-07-28 11:29:16 [INFO] rdvpermis.bot — ⚡ [92m[1mRUSH ACTIF[0m --- It.#31 | Panier 0/36 | Réservés 0/2 | 11:29:16 ---
2026-07-28 11:29:24 [INFO] rdvpermis.bot — ⚡ [92m[1mRUSH ACTIF[0m --- It.#41 | Panier 0/36 | Réservés 0/2 | 11:29:24 ---
2026-07-28 11:29:32 [INFO] rdvpermis.bot — ⚡ [92m[1mRUSH ACTIF[0m --- It.#51 | Panier 0/36 | Réservés 0/2 | 11:29:32 ---
2026-07-28 11:29:41 [INFO] rdvpermis.bot — ⚡ [92m[1mRUSH ACTIF[0m --- It.#61 | Panier 0/36 | Réservés 0/2 | 11:29:41 ---
2026-07-28 11:29:49 [INFO] rdvpermis.bot — ⚡ [92m[1mRUSH ACTIF[0m --- It.#71 | Panier 0/36 | Réservés 0/2 | 11:29:49 ---
2026-07-28 11:29:57 [INFO] rdvpermis.bot — ⚡ [92m[1mRUSH ACTIF[0m --- It.#81 | Panier 0/36 | Réservés 0/2 | 11:29:57 ---
2026-07-28 11:30:04 [INFO] rdvpermis.bot — ⚡ [92m[1mRUSH ACTIF[0m --- It.#91 | Panier 0/36 | Réservés 0/2 | 11:30:04 ---
2026-07-28 11:30:12 [INFO] rdvpermis.bot — ⚡ [92m[1mRUSH ACTIF[0m --- It.#101 | Panier 0/36 | Réservés 0/2 | 11:30:12 ---
2026-07-28 11:30:20 [INFO] rdvpermis.bot — ⚡ [92m[1mRUSH ACTIF[0m --- It.#111 | Panier 0/36 | Réservés 0/2 | 11:30:20 ---
2026-07-28 11:30:27 [INFO] rdvpermis.bot — ⚡ [92m[1mRUSH ACTIF[0m --- It.#121 | Panier 0/36 | Réservés 0/2 | 11:30:27 ---
2026-07-28 11:30:34 [INFO] rdvpermis.bot — ⚡ [92m[1mRUSH ACTIF[0m --- It.#131 | Panier 0/36 | Réservés 0/2 | 11:30:34 ---
2026-07-28 11:30:42 [INFO] rdvpermis.bot — ⚡ [92m[1mRUSH ACTIF[0m --- It.#141 | Panier 0/36 | Réservés 0/2 | 11:30:42 ---
2026-07-28 11:30:50 [INFO] rdvpermis.bot — ⚡ [92m[1mRUSH ACTIF[0m --- It.#151 | Panier 0/36 | Réservés 0/2 | 11:30:50 ---
2026-07-28 11:30:57 [INFO] rdvpermis.bot — ⚡ [92m[1mRUSH ACTIF[0m --- It.#161 | Panier 0/36 | Réservés 0/2 | 11:30:57 ---
2026-07-28 11:31:05 [INFO] rdvpermis.bot — ⚡ [92m[1mRUSH ACTIF[0m --- It.#171 | Panier 0/36 | Réservés 0/2 | 11:31:05 ---
2026-07-28 11:31:12 [INFO] rdvpermis.bot — ⚡ [92m[1mRUSH ACTIF[0m --- It.#181 | Panier 0/36 | Réservés 0/2 | 11:31:12 ---
2026-07-28 11:31:21 [INFO] rdvpermis.bot — ⚡ [92m[1mRUSH ACTIF[0m --- It.#191 | Panier 0/36 | Réservés 0/2 | 11:31:21 ---
2026-07-28 11:31:28 [INFO] rdvpermis.bot — ⚡ [92m[1mRUSH ACTIF[0m --- It.#201 | Panier 0/36 | Réservés 0/2 | 11:31:28 ---
2026-07-28 11:31:35 [WARNING] rdvpermis.bot —   ⏳ Rate limit (429) pendant scan — pause 3s
2026-07-28 11:31:38 [WARNING] rdvpermis.bot —   ⏳ Rate limit (429) pendant scan — pause 6s
2026-07-28 11:31:44 [WARNING] rdvpermis.bot —   ⏳ Rate limit (429) pendant scan — pause 3s
2026-07-28 11:31:48 [WARNING] rdvpermis.bot —   ⏳ Rate limit (429) pendant scan — pause 7s
2026-07-28 11:31:55 [WARNING] rdvpermis.bot —   ⏳ Rate limit (429) pendant scan — pause 4s
2026-07-28 11:32:00 [WARNING] rdvpermis.bot —   ⏳ Rate limit (429) pendant scan — pause 3s
2026-07-28 11:32:03 [WARNING] rdvpermis.bot —   ⏳ Rate limit (429) pendant scan — pause 7s
2026-07-28 11:32:10 [WARNING] rdvpermis.bot —   ⏳ Rate limit (429) pendant scan — pause 4s
2026-07-28 11:32:14 [WARNING] rdvpermis.bot —   ⏳ Rate limit (429) pendant scan — pause 5s
2026-07-28 11:32:19 [WARNING] rdvpermis.bot —   ⏳ Rate limit (429) pendant scan — pause 4s
2026-07-28 11:32:23 [WARNING] rdvpermis.bot —   ⏳ Rate limit (429) pendant scan — pause 4s
2026-07-28 11:32:27 [WARNING] rdvpermis.bot —   ⏳ Rate limit (429) pendant scan — pause 3s
2026-07-28 11:32:31 [WARNING] rdvpermis.bot —   ⏳ Rate limit (429) pendant scan — pause 5s
2026-07-28 11:32:36 [WARNING] rdvpermis.bot —   ⏳ Rate limit (429) pendant scan — pause 3s
2026-07-28 11:32:39 [WARNING] rdvpermis.bot —   ⏳ Rate limit (429) pendant scan — pause 6s
2026-07-28 11:32:47 [INFO] rdvpermis.bot — ⚡ [92m[1mRUSH ACTIF[0m --- It.#211 | Panier 0/36 | Réservés 0/2 | 11:32:47 ---
2026-07-28 11:32:54 [INFO] rdvpermis.bot — ⚡ [92m[1mRUSH ACTIF[0m --- It.#221 | Panier 0/36 | Réservés 0/2 | 11:32:54 ---
2026-07-28 11:33:03 [INFO] rdvpermis.bot — ⚡ [92m[1mRUSH ACTIF[0m --- It.#231 | Panier 0/36 | Réservés 0/2 | 11:33:03 ---
2026-07-28 11:33:11 [INFO] rdvpermis.bot — ⚡ [92m[1mRUSH ACTIF[0m --- It.#241 | Panier 0/36 | Réservés 0/2 | 11:33:11 ---
2026-07-28 11:33:18 [INFO] rdvpermis.bot — ⚡ [92m[1mRUSH ACTIF[0m --- It.#251 | Panier 0/36 | Réservés 0/2 | 11:33:18 ---
2026-07-28 11:33:26 [INFO] rdvpermis.bot — ⚡ [92m[1mRUSH ACTIF[0m --- It.#261 | Panier 0/36 | Réservés 0/2 | 11:33:26 ---
2026-07-28 11:33:33 [INFO] rdvpermis.bot — ⚡ [92m[1mRUSH ACTIF[0m --- It.#271 | Panier 0/36 | Réservés 0/2 | 11:33:33 ---
2026-07-28 11:33:41 [INFO] rdvpermis.bot — ⚡ [92m[1mRUSH ACTIF[0m --- It.#281 | Panier 0/36 | Réservés 0/2 | 11:33:41 ---
2026-07-28 11:33:48 [INFO] rdvpermis.bot — ⚡ [92m[1mRUSH ACTIF[0m --- It.#291 | Panier 0/36 | Réservés 0/2 | 11:33:48 ---
2026-07-28 11:33:56 [INFO] rdvpermis.bot — ⚡ [92m[1mRUSH ACTIF[0m --- It.#301 | Panier 0/36 | Réservés 0/2 | 11:33:56 ---
2026-07-28 11:34:21 [WARNING] rdvpermis.bot —   ⏳ Rate limit (429) pendant scan — pause 4s
2026-07-28 11:34:25 [WARNING] rdvpermis.bot —   ⏳ Rate limit (429) pendant scan — pause 4s
2026-07-28 11:34:29 [WARNING] rdvpermis.bot —   ⏳ Rate limit (429) pendant scan — pause 6s
2026-07-28 11:34:35 [WARNING] rdvpermis.bot —   ⏳ Rate limit (429) pendant scan — pause 3s
2026-07-28 11:34:39 [WARNING] rdvpermis.bot —   ⏳ Rate limit (429) pendant scan — pause 5s
2026-07-28 11:34:44 [WARNING] rdvpermis.bot —   ⏳ Rate limit (429) pendant scan — pause 7s
2026-07-28 11:34:51 [WARNING] rdvpermis.bot —   ⏳ Rate limit (429) pendant scan — pause 7s
2026-07-28 11:34:58 [WARNING] rdvpermis.bot —   ⏳ Rate limit (429) pendant scan — pause 7s
2026-07-28 11:35:05 [WARNING] rdvpermis.bot —   ⏳ Rate limit (429) pendant scan — pause 3s
2026-07-28 11:35:08 [WARNING] rdvpermis.bot —   ⏳ Rate limit (429) pendant scan — pause 6s
2026-07-28 11:35:15 [WARNING] rdvpermis.bot —   ⏳ Rate limit (429) pendant scan — pause 3s
2026-07-28 11:35:18 [WARNING] rdvpermis.bot —   ⏳ Rate limit (429) pendant scan — pause 3s
2026-07-28 11:35:21 [WARNING] rdvpermis.bot —   ⏳ Rate limit (429) pendant scan — pause 5s
2026-07-28 11:35:26 [WARNING] rdvpermis.bot —   ⏳ Rate limit (429) pendant scan — pause 7s
2026-07-28 11:35:33 [WARNING] rdvpermis.bot —   ⏳ Rate limit (429) pendant scan — pause 3s
2026-07-28 11:35:36 [WARNING] rdvpermis.bot —   ⏳ Rate limit (429) pendant scan — pause 5s
2026-07-28 11:35:42 [WARNING] rdvpermis.bot —   ⏳ Rate limit (429) pendant scan — pause 3s
2026-07-28 11:35:45 [WARNING] rdvpermis.bot —   ⏳ Rate limit (429) pendant scan — pause 3s
2026-07-28 11:35:48 [WARNING] rdvpermis.bot —   ⏳ Rate limit (429) pendant scan — pause 3s
2026-07-28 11:35:51 [WARNING] rdvpermis.bot —   ⏳ Rate limit (429) pendant scan — pause 6s
2026-07-28 11:35:57 [WARNING] rdvpermis.bot —   ⏳ Rate limit (429) pendant scan — pause 7s
2026-07-28 11:36:04 [WARNING] rdvpermis.bot —   ⏳ Rate limit (429) pendant scan — pause 4s
2026-07-28 11:36:09 [WARNING] rdvpermis.bot —   ⏳ Rate limit (429) pendant scan — pause 5s
2026-07-28 11:36:14 [WARNING] rdvpermis.bot —   ⏳ Rate limit (429) pendant scan — pause 3s
2026-07-28 11:36:17 [WARNING] rdvpermis.bot —   ⏳ Rate limit (429) pendant scan — pause 3s
2026-07-28 11:36:20 [WARNING] rdvpermis.bot —   ⏳ Rate limit (429) pendant scan — pause 7s
2026-07-28 11:36:27 [WARNING] rdvpermis.bot —   ⏳ Rate limit (429) pendant scan — pause 4s
2026-07-28 11:36:31 [WARNING] rdvpermis.bot —   ⏳ Rate limit (429) pendant scan — pause 6s
2026-07-28 11:36:38 [WARNING] rdvpermis.bot —   ⏳ Rate limit (429) pendant scan — pause 5s
2026-07-28 11:36:43 [WARNING] rdvpermis.bot —   ⏳ Rate limit (429) pendant scan — pause 4s
2026-07-28 11:36:47 [WARNING] rdvpermis.bot —   ⏳ Rate limit (429) pendant scan — pause 6s
2026-07-28 11:36:53 [WARNING] rdvpermis.bot —   ⏳ Rate limit (429) pendant scan — pause 4s
2026-07-28 11:36:57 [WARNING] rdvpermis.bot —   ⏳ Rate limit (429) pendant scan — pause 5s
2026-07-28 11:37:02 [WARNING] rdvpermis.bot —   ⏳ Rate limit (429) pendant scan — pause 6s
2026-07-28 11:37:09 [WARNING] rdvpermis.bot —   ⏳ Rate limit (429) pendant scan — pause 6s
2026-07-28 11:37:15 [WARNING] rdvpermis.bot —   ⏳ Rate limit (429) pendant scan — pause 4s
2026-07-28 11:37:19 [WARNING] rdvpermis.bot —   ⏳ Rate limit (429) pendant scan — pause 7s
2026-07-28 11:37:26 [WARNING] rdvpermis.bot —   ⏳ Rate limit (429) pendant scan — pause 7s
2026-07-28 11:37:33 [WARNING] rdvpermis.bot —   ⏳ Rate limit (429) pendant scan — pause 6s
2026-07-28 11:37:39 [WARNING] rdvpermis.bot —   ⏳ Rate limit (429) pendant scan — pause 5s
2026-07-28 11:37:44 [WARNING] rdvpermis.bot —   ⏳ Rate limit (429) pendant scan — pause 7s
2026-07-28 11:37:52 [WARNING] rdvpermis.bot —   ⏳ Rate limit (429) pendant scan — pause 7s
2026-07-28 11:37:59 [WARNING] rdvpermis.bot —   ⏳ Rate limit (429) pendant scan — pause 4s
2026-07-28 11:38:03 [WARNING] rdvpermis.bot —   ⏳ Rate limit (429) pendant scan — pause 6s
2026-07-28 11:38:09 [WARNING] rdvpermis.bot —   ⏳ Rate limit (429) pendant scan — pause 5s
2026-07-28 11:38:14 [WARNING] rdvpermis.bot —   ⏳ Rate limit (429) pendant scan — pause 4s
2026-07-28 11:38:18 [WARNING] rdvpermis.bot —   ⏳ Rate limit (429) pendant scan — pause 3s
2026-07-28 11:38:22 [WARNING] rdvpermis.bot —   ⏳ Rate limit (429) pendant scan — pause 4s
2026-07-28 11:38:26 [WARNING] rdvpermis.bot —   ⏳ Rate limit (429) pendant scan — pause 4s
2026-07-28 11:38:30 [WARNING] rdvpermis.bot —   ⏳ Rate limit (429) pendant scan — pause 3s
2026-07-28 11:38:33 [WARNING] rdvpermis.bot —   ⏳ Rate limit (429) pendant scan — pause 7s
2026-07-28 11:38:40 [WARNING] rdvpermis.bot —   ⏳ Rate limit (429) pendant scan — pause 4s
2026-07-28 11:38:44 [WARNING] rdvpermis.bot —   ⏳ Rate limit (429) pendant scan — pause 4s
2026-07-28 11:38:49 [WARNING] rdvpermis.bot —   ⏳ Rate limit (429) pendant scan — pause 3s
2026-07-28 11:38:52 [WARNING] rdvpermis.bot —   ⏳ Rate limit (429) pendant scan — pause 7s
2026-07-28 11:38:59 [WARNING] rdvpermis.bot —   ⏳ Rate limit (429) pendant scan — pause 6s
2026-07-28 11:39:05 [WARNING] rdvpermis.bot —   ⏳ Rate limit (429) pendant scan — pause 3s
2026-07-28 11:39:08 [WARNING] rdvpermis.bot —   ⏳ Rate limit (429) pendant scan — pause 7s
2026-07-28 11:39:15 [WARNING] rdvpermis.bot —   ⏳ Rate limit (429) pendant scan — pause 5s
2026-07-28 11:39:21 [WARNING] rdvpermis.bot —   ⏳ Rate limit (429) pendant scan — pause 6s
2026-07-28 11:39:27 [WARNING] rdvpermis.bot —   ⏳ Rate limit (429) pendant scan — pause 5s
2026-07-28 11:39:32 [WARNING] rdvpermis.bot —   ⏳ Rate limit (429) pendant scan — pause 4s
2026-07-28 11:39:36 [WARNING] rdvpermis.bot —   ⏳ Rate limit (429) pendant scan — pause 3s
2026-07-28 11:39:39 [WARNING] rdvpermis.bot —   ⏳ Rate limit (429) pendant scan — pause 7s
2026-07-28 11:39:46 [WARNING] rdvpermis.bot —   ⏳ Rate limit (429) pendant scan — pause 6s
2026-07-28 11:39:52 [WARNING] rdvpermis.bot —   ⏳ Rate limit (429) pendant scan — pause 4s
2026-07-28 11:39:57 [WARNING] rdvpermis.bot —   ⏳ Rate limit (429) pendant scan — pause 3s
2026-07-28 11:40:00 [WARNING] rdvpermis.bot —   ⏳ Rate limit (429) pendant scan — pause 6s
2026-07-28 11:40:06 [WARNING] rdvpermis.bot —   ⏳ Rate limit (429) pendant scan — pause 5s
2026-07-28 11:40:11 [WARNING] rdvpermis.bot —   ⏳ Rate limit (429) pendant scan — pause 6s
2026-07-28 11:40:17 [WARNING] rdvpermis.bot —   ⏳ Rate limit (429) pendant scan — pause 4s
2026-07-28 11:40:22 [WARNING] rdvpermis.bot —   ⏳ Rate limit (429) pendant scan — pause 4s
2026-07-28 11:40:26 [WARNING] rdvpermis.bot —   ⏳ Rate limit (429) pendant scan — pause 7s
2026-07-28 11:40:33 [WARNING] rdvpermis.bot —   ⏳ Rate limit (429) pendant scan — pause 5s
2026-07-28 11:40:38 [WARNING] rdvpermis.bot —   ⏳ Rate limit (429) pendant scan — pause 3s
2026-07-28 11:40:41 [WARNING] rdvpermis.bot —   ⏳ Rate limit (429) pendant scan — pause 5s
2026-07-28 11:40:46 [WARNING] rdvpermis.bot —   ⏳ Rate limit (429) pendant scan — pause 4s
2026-07-28 11:40:51 [WARNING] rdvpermis.bot —   ⏳ Rate limit (429) pendant scan — pause 7s
2026-07-28 11:40:58 [WARNING] rdvpermis.bot —   ⏳ Rate limit (429) pendant scan — pause 3s
2026-07-28 11:41:01 [WARNING] rdvpermis.bot —   ⏳ Rate limit (429) pendant scan — pause 4s
2026-07-28 11:41:05 [WARNING] rdvpermis.bot —   ⏳ Rate limit (429) pendant scan — pause 3s
2026-07-28 11:41:08 [WARNING] rdvpermis.bot —   ⏳ Rate limit (429) pendant scan — pause 4s
2026-07-28 11:41:12 [WARNING] rdvpermis.bot —   ⏳ Rate limit (429) pendant scan — pause 4s
2026-07-28 11:41:16 [WARNING] rdvpermis.bot —   ⏳ Rate limit (429) pendant scan — pause 3s
2026-07-28 11:41:20 [WARNING] rdvpermis.bot —   ⏳ Rate limit (429) pendant scan — pause 4s
2026-07-28 11:41:24 [WARNING] rdvpermis.bot —   ⏳ Rate limit (429) pendant scan — pause 7s
2026-07-28 11:41:31 [WARNING] rdvpermis.bot —   ⏳ Rate limit (429) pendant scan — pause 6s
2026-07-28 11:41:37 [WARNING] rdvpermis.bot —   ⏳ Rate limit (429) pendant scan — pause 4s
2026-07-28 11:41:41 [WARNING] rdvpermis.bot —   ⏳ Rate limit (429) pendant scan — pause 3s
2026-07-28 11:41:44 [WARNING] rdvpermis.bot —   ⏳ Rate limit (429) pendant scan — pause 4s
2026-07-28 11:41:49 [WARNING] rdvpermis.bot —   ⏳ Rate limit (429) pendant scan — pause 7s
2026-07-28 11:41:56 [WARNING] rdvpermis.bot —   ⏳ Rate limit (429) pendant scan — pause 7s
2026-07-28 11:42:03 [WARNING] rdvpermis.bot —   ⏳ Rate limit (429) pendant scan — pause 6s
2026-07-28 11:42:09 [WARNING] rdvpermis.bot —   ⏳ Rate limit (429) pendant scan — pause 6s
2026-07-28 11:42:15 [WARNING] rdvpermis.bot —   ⏳ Rate limit (429) pendant scan — pause 7s
2026-07-28 11:42:22 [WARNING] rdvpermis.bot —   ⏳ Rate limit (429) pendant scan — pause 7s
2026-07-28 11:42:30 [WARNING] rdvpermis.bot —   ⏳ Rate limit (429) pendant scan — pause 6s
2026-07-28 11:42:36 [WARNING] rdvpermis.bot —   ⏳ Rate limit (429) pendant scan — pause 3s
2026-07-28 11:42:39 [WARNING] rdvpermis.bot —   ⏳ Rate limit (429) pendant scan — pause 5s
2026-07-28 11:42:58 [INFO] rdvpermis.bot — ⚡ [92m[1mRUSH ACTIF[0m --- It.#311 | Panier 0/36 | Réservés 0/2 | 11:42:58 ---
2026-07-28 11:44:11 [INFO] rdvpermis.bot — ⚡ [92m[1mRUSH ACTIF[0m --- It.#321 | Panier 0/36 | Réservés 0/2 | 11:44:11 ---
2026-07-28 11:45:26 [INFO] rdvpermis.bot — ⚡ [92m[1mRUSH ACTIF[0m --- It.#331 | Panier 0/36 | Réservés 0/2 | 11:45:26 ---
2026-07-28 11:46:37 [INFO] rdvpermis.bot — ⚡ [92m[1mRUSH ACTIF[0m --- It.#341 | Panier 0/36 | Réservés 0/2 | 11:46:37 ---
2026-07-28 11:47:48 [INFO] rdvpermis.bot — ⚡ [92m[1mRUSH ACTIF[0m --- It.#351 | Panier 0/36 | Réservés 0/2 | 11:47:48 ---
2026-07-28 11:49:00 [INFO] rdvpermis.bot — ⚡ [92m[1mRUSH ACTIF[0m --- It.#361 | Panier 0/36 | Réservés 0/2 | 11:49:00 ---
2026-07-28 11:50:16 [INFO] rdvpermis.bot — ⚡ [92m[1mRUSH ACTIF[0m --- It.#371 | Panier 0/36 | Réservés 0/2 | 11:50:16 ---
2026-07-28 11:51:30 [INFO] rdvpermis.bot — ⚡ [92m[1mRUSH ACTIF[0m --- It.#381 | Panier 0/36 | Réservés 0/2 | 11:51:30 ---
2026-07-28 11:52:40 [INFO] rdvpermis.bot — ⚡ [92m[1mRUSH ACTIF[0m --- It.#391 | Panier 0/36 | Réservés 0/2 | 11:52:40 ---
2026-07-28 11:52:47 [WARNING] rdvpermis.bot —   ⏳ Rate limit (429) pendant scan — pause 5s
2026-07-28 11:52:52 [WARNING] rdvpermis.bot —   ⏳ Rate limit (429) pendant scan — pause 6s
2026-07-28 11:52:58 [WARNING] rdvpermis.bot —   ⏳ Rate limit (429) pendant scan — pause 3s
2026-07-28 11:53:01 [WARNING] rdvpermis.bot —   ⏳ Rate limit (429) pendant scan — pause 6s
2026-07-28 11:53:07 [WARNING] rdvpermis.bot —   ⏳ Rate limit (429) pendant scan — pause 4s
2026-07-28 11:53:11 [WARNING] rdvpermis.bot —   ⏳ Rate limit (429) pendant scan — pause 5s
2026-07-28 11:53:17 [WARNING] rdvpermis.bot —   ⏳ Rate limit (429) pendant scan — pause 7s
2026-07-28 11:53:24 [WARNING] rdvpermis.bot —   ⏳ Rate limit (429) pendant scan — pause 3s
2026-07-28 11:53:27 [WARNING] rdvpermis.bot —   ⏳ Rate limit (429) pendant scan — pause 4s
2026-07-28 11:53:31 [WARNING] rdvpermis.bot —   ⏳ Rate limit (429) pendant scan — pause 4s
2026-07-28 11:53:35 [WARNING] rdvpermis.bot —   ⏳ Rate limit (429) pendant scan — pause 3s
2026-07-28 11:53:38 [WARNING] rdvpermis.bot —   ⏳ Rate limit (429) pendant scan — pause 4s
2026-07-28 11:53:43 [WARNING] rdvpermis.bot —   ⏳ Rate limit (429) pendant scan — pause 4s
2026-07-28 11:53:47 [WARNING] rdvpermis.bot —   ⏳ Rate limit (429) pendant scan — pause 5s
2026-07-28 11:53:52 [WARNING] rdvpermis.bot —   ⏳ Rate limit (429) pendant scan — pause 7s
2026-07-28 11:53:59 [WARNING] rdvpermis.bot —   ⏳ Rate limit (429) pendant scan — pause 3s
2026-07-28 11:54:02 [WARNING] rdvpermis.bot —   ⏳ Rate limit (429) pendant scan — pause 5s
2026-07-28 11:54:07 [WARNING] rdvpermis.bot —   ⏳ Rate limit (429) pendant scan — pause 5s
2026-07-28 11:54:13 [WARNING] rdvpermis.bot —   ⏳ Rate limit (429) pendant scan — pause 4s
2026-07-28 11:54:17 [WARNING] rdvpermis.bot —   ⏳ Rate limit (429) pendant scan — pause 3s
2026-07-28 11:54:20 [WARNING] rdvpermis.bot —   ⏳ Rate limit (429) pendant scan — pause 3s
2026-07-28 11:54:23 [WARNING] rdvpermis.bot —   ⏳ Rate limit (429) pendant scan — pause 5s
2026-07-28 11:54:28 [WARNING] rdvpermis.bot —   ⏳ Rate limit (429) pendant scan — pause 3s
2026-07-28 11:54:31 [WARNING] rdvpermis.bot —   ⏳ Rate limit (429) pendant scan — pause 6s
2026-07-28 11:54:37 [WARNING] rdvpermis.bot —   ⏳ Rate limit (429) pendant scan — pause 6s
2026-07-28 11:54:44 [WARNING] rdvpermis.bot —   ⏳ Rate limit (429) pendant scan — pause 7s
2026-07-28 11:54:51 [WARNING] rdvpermis.bot —   ⏳ Rate limit (429) pendant scan — pause 5s
2026-07-28 11:54:56 [WARNING] rdvpermis.bot —   ⏳ Rate limit (429) pendant scan — pause 7s
2026-07-28 11:55:03 [WARNING] rdvpermis.bot —   ⏳ Rate limit (429) pendant scan — pause 3s
2026-07-28 11:55:06 [WARNING] rdvpermis.bot —   ⏳ Rate limit (429) pendant scan — pause 5s
2026-07-28 11:55:11 [WARNING] rdvpermis.bot —   ⏳ Rate limit (429) pendant scan — pause 7s
2026-07-28 11:55:19 [WARNING] rdvpermis.bot —   ⏳ Rate limit (429) pendant scan — pause 6s
2026-07-28 11:55:25 [WARNING] rdvpermis.bot —   ⏳ Rate limit (429) pendant scan — pause 7s
2026-07-28 11:55:32 [WARNING] rdvpermis.bot —   ⏳ Rate limit (429) pendant scan — pause 6s
2026-07-28 11:55:38 [WARNING] rdvpermis.bot —   ⏳ Rate limit (429) pendant scan — pause 7s
2026-07-28 11:55:45 [WARNING] rdvpermis.bot —   ⏳ Rate limit (429) pendant scan — pause 5s
2026-07-28 11:55:50 [WARNING] rdvpermis.bot —   ⏳ Rate limit (429) pendant scan — pause 4s
2026-07-28 11:55:55 [WARNING] rdvpermis.bot —   ⏳ Rate limit (429) pendant scan — pause 3s
2026-07-28 11:55:58 [WARNING] rdvpermis.bot —   ⏳ Rate limit (429) pendant scan — pause 5s
2026-07-28 11:56:03 [WARNING] rdvpermis.bot —   ⏳ Rate limit (429) pendant scan — pause 4s
2026-07-28 11:56:07 [WARNING] rdvpermis.bot —   ⏳ Rate limit (429) pendant scan — pause 7s
2026-07-28 11:56:14 [WARNING] rdvpermis.bot —   ⏳ Rate limit (429) pendant scan — pause 7s
2026-07-28 11:56:21 [WARNING] rdvpermis.bot —   ⏳ Rate limit (429) pendant scan — pause 4s
2026-07-28 11:56:26 [WARNING] rdvpermis.bot —   ⏳ Rate limit (429) pendant scan — pause 6s
2026-07-28 11:56:32 [WARNING] rdvpermis.bot —   ⏳ Rate limit (429) pendant scan — pause 6s
2026-07-28 11:56:38 [WARNING] rdvpermis.bot —   ⏳ Rate limit (429) pendant scan — pause 7s
2026-07-28 11:56:45 [WARNING] rdvpermis.bot —   ⏳ Rate limit (429) pendant scan — pause 3s
2026-07-28 11:56:48 [WARNING] rdvpermis.bot —   ⏳ Rate limit (429) pendant scan — pause 5s
2026-07-28 11:56:53 [WARNING] rdvpermis.bot —   ⏳ Rate limit (429) pendant scan — pause 3s
2026-07-28 11:56:56 [WARNING] rdvpermis.bot —   ⏳ Rate limit (429) pendant scan — pause 3s
2026-07-28 11:57:00 [WARNING] rdvpermis.bot —   ⏳ Rate limit (429) pendant scan — pause 5s
2026-07-28 11:57:05 [WARNING] rdvpermis.bot —   ⏳ Rate limit (429) pendant scan — pause 7s
2026-07-28 11:57:12 [WARNING] rdvpermis.bot —   ⏳ Rate limit (429) pendant scan — pause 6s
2026-07-28 11:57:18 [WARNING] rdvpermis.bot —   ⏳ Rate limit (429) pendant scan — pause 7s
2026-07-28 11:57:25 [WARNING] rdvpermis.bot —   ⏳ Rate limit (429) pendant scan — pause 7s
2026-07-28 11:57:32 [WARNING] rdvpermis.bot —   ⏳ Rate limit (429) pendant scan — pause 3s
2026-07-28 11:57:36 [WARNING] rdvpermis.bot —   ⏳ Rate limit (429) pendant scan — pause 6s
2026-07-28 11:57:42 [WARNING] rdvpermis.bot —   ⏳ Rate limit (429) pendant scan — pause 4s
2026-07-28 11:58:51 [INFO] rdvpermis.bot — ⚡ [92m[1mRUSH ACTIF[0m --- It.#401 | Panier 0/36 | Réservés 0/2 | 11:58:51 ---
2026-07-28 12:00:06 [INFO] rdvpermis.bot — ⚡ [92m[1mRUSH ACTIF[0m --- It.#411 | Panier 0/36 | Réservés 0/2 | 12:00:06 ---
2026-07-28 12:01:19 [INFO] rdvpermis.bot — ⚡ [92m[1mRUSH ACTIF[0m --- It.#421 | Panier 0/36 | Réservés 0/2 | 12:01:19 ---
2026-07-28 12:02:30 [INFO] rdvpermis.bot — ⚡ [92m[1mRUSH ACTIF[0m --- It.#431 | Panier 0/36 | Réservés 0/2 | 12:02:30 ---
2026-07-28 12:03:43 [INFO] rdvpermis.bot — ⚡ [92m[1mRUSH ACTIF[0m --- It.#441 | Panier 0/36 | Réservés 0/2 | 12:03:43 ---
2026-07-28 12:04:54 [INFO] rdvpermis.bot — ⚡ [92m[1mRUSH ACTIF[0m --- It.#451 | Panier 0/36 | Réservés 0/2 | 12:04:54 ---
2026-07-28 12:06:08 [INFO] rdvpermis.bot — ⚡ [92m[1mRUSH ACTIF[0m --- It.#461 | Panier 0/36 | Réservés 0/2 | 12:06:08 ---
2026-07-28 12:07:18 [INFO] rdvpermis.bot — ⚡ [92m[1mRUSH ACTIF[0m --- It.#471 | Panier 0/36 | Réservés 0/2 | 12:07:18 ---
2026-07-28 12:08:31 [INFO] rdvpermis.bot — ⚡ [92m[1mRUSH ACTIF[0m --- It.#481 | Panier 0/36 | Réservés 0/2 | 12:08:31 ---
2026-07-28 12:09:43 [INFO] rdvpermis.bot — ⚡ [92m[1mRUSH ACTIF[0m --- It.#491 | Panier 0/36 | Réservés 0/2 | 12:09:43 ---
2026-07-28 12:10:55 [INFO] rdvpermis.bot — ⚡ [92m[1mRUSH ACTIF[0m --- It.#501 | Panier 0/36 | Réservés 0/2 | 12:10:55 ---
2026-07-28 12:12:07 [INFO] rdvpermis.bot — ⚡ [92m[1mRUSH ACTIF[0m --- It.#511 | Panier 0/36 | Réservés 0/2 | 12:12:07 ---
2026-07-28 12:13:19 [INFO] rdvpermis.bot — ⚡ [92m[1mRUSH ACTIF[0m --- It.#521 | Panier 0/36 | Réservés 0/2 | 12:13:19 ---
2026-07-28 12:14:31 [INFO] rdvpermis.bot — ⚡ [92m[1mRUSH ACTIF[0m --- It.#531 | Panier 0/36 | Réservés 0/2 | 12:14:31 ---
2026-07-28 12:15:43 [INFO] rdvpermis.bot — ⚡ [92m[1mRUSH ACTIF[0m --- It.#541 | Panier 0/36 | Réservés 0/2 | 12:15:43 ---
2026-07-28 12:16:53 [INFO] rdvpermis.bot — ⚡ [92m[1mRUSH ACTIF[0m --- It.#551 | Panier 0/36 | Réservés 0/2 | 12:16:53 ---
2026-07-28 12:18:03 [INFO] rdvpermis.bot — ⚡ [92m[1mRUSH ACTIF[0m --- It.#561 | Panier 0/36 | Réservés 0/2 | 12:18:03 ---
2026-07-28 12:19:14 [INFO] rdvpermis.bot — ⚡ [92m[1mRUSH ACTIF[0m --- It.#571 | Panier 0/36 | Réservés 0/2 | 12:19:14 ---
2026-07-28 12:20:26 [INFO] rdvpermis.bot — ⚡ [92m[1mRUSH ACTIF[0m --- It.#581 | Panier 0/36 | Réservés 0/2 | 12:20:26 ---
2026-07-28 12:21:41 [INFO] rdvpermis.bot — ⚡ [92m[1mRUSH ACTIF[0m --- It.#591 | Panier 0/36 | Réservés 0/2 | 12:21:41 ---
2026-07-28 12:22:55 [INFO] rdvpermis.bot — ⚡ [92m[1mRUSH ACTIF[0m --- It.#601 | Panier 0/36 | Réservés 0/2 | 12:22:55 ---
2026-07-28 12:24:05 [INFO] rdvpermis.bot — ⚡ [92m[1mRUSH ACTIF[0m --- It.#611 | Panier 0/36 | Réservés 0/2 | 12:24:05 ---
2026-07-28 12:25:20 [INFO] rdvpermis.bot — ⚡ [92m[1mRUSH ACTIF[0m --- It.#621 | Panier 0/36 | Réservés 0/2 | 12:25:20 ---
2026-07-28 12:26:32 [INFO] rdvpermis.bot — ⚡ [92m[1mRUSH ACTIF[0m --- It.#631 | Panier 0/36 | Réservés 0/2 | 12:26:32 ---
2026-07-28 12:27:46 [INFO] rdvpermis.bot — ⚡ [92m[1mRUSH ACTIF[0m --- It.#641 | Panier 0/36 | Réservés 0/2 | 12:27:46 ---
2026-07-28 12:29:02 [INFO] rdvpermis.bot — ⚡ [92m[1mRUSH ACTIF[0m --- It.#651 | Panier 0/36 | Réservés 0/2 | 12:29:02 ---
2026-07-28 12:30:15 [INFO] rdvpermis.bot — ⚡ [92m[1mRUSH ACTIF[0m --- It.#661 | Panier 0/36 | Réservés 0/2 | 12:30:15 ---
2026-07-28 12:31:24 [INFO] rdvpermis.bot — ⚡ [92m[1mRUSH ACTIF[0m --- It.#671 | Panier 0/36 | Réservés 0/2 | 12:31:24 ---
2026-07-28 12:32:35 [INFO] rdvpermis.bot — ⚡ [92m[1mRUSH ACTIF[0m --- It.#681 | Panier 0/36 | Réservés 0/2 | 12:32:35 ---
2026-07-28 12:33:47 [INFO] rdvpermis.bot — ⚡ [92m[1mRUSH ACTIF[0m --- It.#691 | Panier 0/36 | Réservés 0/2 | 12:33:47 ---
2026-07-28 12:35:00 [INFO] rdvpermis.bot — ⚡ [92m[1mRUSH ACTIF[0m --- It.#701 | Panier 0/36 | Réservés 0/2 | 12:35:00 ---
2026-07-28 12:36:13 [INFO] rdvpermis.bot — ⚡ [92m[1mRUSH ACTIF[0m --- It.#711 | Panier 0/36 | Réservés 0/2 | 12:36:13 ---
2026-07-28 12:37:27 [INFO] rdvpermis.bot — ⚡ [92m[1mRUSH ACTIF[0m --- It.#721 | Panier 0/36 | Réservés 0/2 | 12:37:27 ---
2026-07-28 12:38:39 [INFO] rdvpermis.bot — ⚡ [92m[1mRUSH ACTIF[0m --- It.#731 | Panier 0/36 | Réservés 0/2 | 12:38:39 ---
2026-07-28 12:39:50 [INFO] rdvpermis.bot — ⚡ [92m[1mRUSH ACTIF[0m --- It.#741 | Panier 0/36 | Réservés 0/2 | 12:39:50 ---
2026-07-28 12:40:59 [INFO] rdvpermis.bot — ⚡ [92m[1mRUSH ACTIF[0m --- It.#751 | Panier 0/36 | Réservés 0/2 | 12:40:59 ---
2026-07-28 12:42:13 [INFO] rdvpermis.bot — ⚡ [92m[1mRUSH ACTIF[0m --- It.#761 | Panier 0/36 | Réservés 0/2 | 12:42:13 ---
2026-07-28 12:43:23 [INFO] rdvpermis.bot — ⚡ [92m[1mRUSH ACTIF[0m --- It.#771 | Panier 0/36 | Réservés 0/2 | 12:43:23 ---
2026-07-28 12:44:36 [INFO] rdvpermis.bot — ⚡ [92m[1mRUSH ACTIF[0m --- It.#781 | Panier 0/36 | Réservés 0/2 | 12:44:36 ---
2026-07-28 12:45:50 [INFO] rdvpermis.bot — ⚡ [92m[1mRUSH ACTIF[0m --- It.#791 | Panier 0/36 | Réservés 0/2 | 12:45:50 ---
2026-07-28 12:46:44 [INFO] rdvpermis.bot — Session fermée
2026-07-28 14:15:56 [INFO] rdvpermis.bot — Session HTTP créée
2026-07-28 14:15:56 [INFO] rdvpermis.bot —   Cookies chargés depuis cookies.json
2026-07-28 14:15:56 [INFO] rdvpermis.bot —   ✅ Session valide — Serhat YILDIRIM (MILAR)
2026-07-28 14:15:56 [INFO] rdvpermis.bot — 🤖 Bot initialisé | 1 centre(s) cible(s) | Plage horaire : 09:00–11:00 | Quota maximal : 2
2026-07-28 14:15:56 [INFO] rdvpermis.bot — 🛒 Panier : 0/36 | Quota : 0/2
2026-07-28 14:15:56 [INFO] rdvpermis.bot — 🎧 [93mMode attente passive actif[0m | Réveil prévu à 14:16 | Temps restant : 0m 3s
2026-07-28 14:16:00 [INFO] rdvpermis.bot — ⚡ [92m[1mRUSH ACTIF[0m --- It.#2 | Panier 0/36 | Réservés 0/2 | 14:16:00 ---
2026-07-28 14:16:00 [INFO] rdvpermis.bot — ⚡ [92m[1mRUSH ACTIF[0m --- It.#3 | Panier 0/36 | Réservés 0/2 | 14:16:00 ---
2026-07-28 14:16:01 [INFO] rdvpermis.bot — ⚡ [92m[1mRUSH ACTIF[0m --- It.#4 | Panier 0/36 | Réservés 0/2 | 14:16:01 ---
2026-07-28 14:16:02 [INFO] rdvpermis.bot — ⚡ [92m[1mRUSH ACTIF[0m --- It.#5 | Panier 0/36 | Réservés 0/2 | 14:16:02 ---
2026-07-28 14:16:02 [INFO] rdvpermis.bot — ⚡ [92m[1mRUSH ACTIF[0m --- It.#6 | Panier 0/36 | Réservés 0/2 | 14:16:02 ---
2026-07-28 14:16:03 [INFO] rdvpermis.bot — ⚡ [92m[1mRUSH ACTIF[0m --- It.#7 | Panier 0/36 | Réservés 0/2 | 14:16:03 ---
2026-07-28 14:16:04 [INFO] rdvpermis.bot — ⚡ [92m[1mRUSH ACTIF[0m --- It.#8 | Panier 0/36 | Réservés 0/2 | 14:16:04 ---
2026-07-28 14:16:05 [INFO] rdvpermis.bot — ⚡ [92m[1mRUSH ACTIF[0m --- It.#9 | Panier 0/36 | Réservés 0/2 | 14:16:05 ---
2026-07-28 14:16:05 [INFO] rdvpermis.bot — ⚡ [92m[1mRUSH ACTIF[0m --- It.#10 | Panier 0/36 | Réservés 0/2 | 14:16:05 ---
2026-07-28 14:16:06 [INFO] rdvpermis.bot — ⚡ [92m[1mRUSH ACTIF[0m --- It.#11 | Panier 0/36 | Réservés 0/2 | 14:16:06 ---
2026-07-28 14:16:07 [INFO] rdvpermis.bot — ⚡ [92m[1mRUSH ACTIF[0m --- It.#12 | Panier 0/36 | Réservés 0/2 | 14:16:07 ---
2026-07-28 14:16:08 [INFO] rdvpermis.bot — ⚡ [92m[1mRUSH ACTIF[0m --- It.#13 | Panier 0/36 | Réservés 0/2 | 14:16:08 ---
2026-07-28 14:16:08 [INFO] rdvpermis.bot — ⚡ [92m[1mRUSH ACTIF[0m --- It.#14 | Panier 0/36 | Réservés 0/2 | 14:16:08 ---
2026-07-28 14:16:09 [INFO] rdvpermis.bot — ⚡ [92m[1mRUSH ACTIF[0m --- It.#15 | Panier 0/36 | Réservés 0/2 | 14:16:09 ---
2026-07-28 14:16:11 [INFO] rdvpermis.bot — Session fermée
