2026-05-20 23:57:56 [INFO] rdvpermis.bot — Session HTTP créée
2026-05-20 23:57:56 [INFO] rdvpermis.bot — 🔐 Connexion via navigateur (SSO)...
2026-05-20 23:58:26 [ERROR] rdvpermis.bot — Erreur connexion : Page.goto: Timeout 30000ms exceeded.
Call log:
  - navigating to "https://pro.permisdeconduire.gouv.fr/crenodispo", waiting until "networkidle"
Traceback (most recent call last):
  File "C:\rdvpermis-bot\bot.py", line 99, in se_connecter
    await page.goto(f"{BASE_URL}/crenodispo", wait_until="networkidle", timeout=30000)
  File "C:\Users\adiya\AppData\Local\Programs\Python\Python311\Lib\site-packages\playwright\async_api\_generated.py", line 9611, in goto
    await self._impl_obj.goto(
  File "C:\Users\adiya\AppData\Local\Programs\Python\Python311\Lib\site-packages\playwright\_impl\_page.py", line 557, in goto
    return await self._main_frame.goto(**locals_to_params(locals()))
           ^^^^^^^^^^^^^^^^^^^^^^^^^^^^^^^^^^^^^^^^^^^^^^^^^^^^^^^^^
  File "C:\Users\adiya\AppData\Local\Programs\Python\Python311\Lib\site-packages\playwright\_impl\_frame.py", line 156, in goto
    await self._channel.send(
  File "C:\Users\adiya\AppData\Local\Programs\Python\Python311\Lib\site-packages\playwright\_impl\_connection.py", line 69, in send
    return await self._connection.wrap_api_call(
           ^^^^^^^^^^^^^^^^^^^^^^^^^^^^^^^^^^^^^
  File "C:\Users\adiya\AppData\Local\Programs\Python\Python311\Lib\site-packages\playwright\_impl\_connection.py", line 559, in wrap_api_call
    raise rewrite_error(error, f"{parsed_st['apiName']}: {error}") from None
playwright._impl._errors.TimeoutError: Page.goto: Timeout 30000ms exceeded.
Call log:
  - navigating to "https://pro.permisdeconduire.gouv.fr/crenodispo", waiting until "networkidle"

2026-05-20 23:58:26 [INFO] rdvpermis.bot — Session fermée
2026-05-21 00:00:54 [INFO] rdvpermis.bot — Session HTTP créée
2026-05-21 00:00:54 [INFO] rdvpermis.bot — 🔐 Connexion via navigateur (SSO)...
2026-05-21 00:00:58 [INFO] rdvpermis.bot — Formulaire SSO détecté, connexion...
2026-05-21 00:01:32 [ERROR] rdvpermis.bot — Erreur connexion : Page.click: Timeout 30000ms exceeded.
Call log:
  - waiting for locator("button[type=\"submit\"], input[type=\"submit\"]")
    - locator resolved to <input disabled name="login" id="kc-login" type="submit" value="Je me connecte" class="btn btn-primary btn-block btn-lg"/>
  - attempting click action
    2 × waiting for element to be visible, enabled and stable
      - element is not enabled
    - retrying click action
    - waiting 20ms
    2 × waiting for element to be visible, enabled and stable
      - element is not enabled
    - retrying click action
      - waiting 100ms
    57 × waiting for element to be visible, enabled and stable
       - element is not enabled
     - retrying click action
       - waiting 500ms
Traceback (most recent call last):
  File "C:\rdvpermis-bot\bot.py", line 119, in se_connecter
    await page.click('button[type="submit"], input[type="submit"]')
  File "C:\Users\adiya\AppData\Local\Programs\Python\Python311\Lib\site-packages\playwright\async_api\_generated.py", line 10749, in click
    await self._impl_obj.click(
  File "C:\Users\adiya\AppData\Local\Programs\Python\Python311\Lib\site-packages\playwright\_impl\_page.py", line 878, in click
    return await self._main_frame._click(**locals_to_params(locals()))
           ^^^^^^^^^^^^^^^^^^^^^^^^^^^^^^^^^^^^^^^^^^^^^^^^^^^^^^^^^^^
  File "C:\Users\adiya\AppData\Local\Programs\Python\Python311\Lib\site-packages\playwright\_impl\_frame.py", line 569, in _click
    await self._channel.send("click", self._timeout, locals_to_params(locals()))
  File "C:\Users\adiya\AppData\Local\Programs\Python\Python311\Lib\site-packages\playwright\_impl\_connection.py", line 69, in send
    return await self._connection.wrap_api_call(
           ^^^^^^^^^^^^^^^^^^^^^^^^^^^^^^^^^^^^^
  File "C:\Users\adiya\AppData\Local\Programs\Python\Python311\Lib\site-packages\playwright\_impl\_connection.py", line 559, in wrap_api_call
    raise rewrite_error(error, f"{parsed_st['apiName']}: {error}") from None
playwright._impl._errors.TimeoutError: Page.click: Timeout 30000ms exceeded.
Call log:
  - waiting for locator("button[type=\"submit\"], input[type=\"submit\"]")
    - locator resolved to <input disabled name="login" id="kc-login" type="submit" value="Je me connecte" class="btn btn-primary btn-block btn-lg"/>
  - attempting click action
    2 × waiting for element to be visible, enabled and stable
      - element is not enabled
    - retrying click action
    - waiting 20ms
    2 × waiting for element to be visible, enabled and stable
      - element is not enabled
    - retrying click action
      - waiting 100ms
    57 × waiting for element to be visible, enabled and stable
       - element is not enabled
     - retrying click action
       - waiting 500ms

2026-05-21 00:01:32 [INFO] rdvpermis.bot — Session fermée
2026-05-21 22:03:15 [INFO] rdvpermis.bot — Session HTTP créée
2026-05-21 22:03:15 [INFO] rdvpermis.bot —   Cookies chargés depuis cookies.json
2026-05-21 22:03:15 [WARNING] rdvpermis.bot —   Session invalide — HTTP 429
2026-05-21 22:03:15 [INFO] rdvpermis.bot — Session fermée
2026-05-21 22:04:51 [INFO] rdvpermis.bot — Session HTTP créée
2026-05-21 22:04:51 [INFO] rdvpermis.bot —   Cookies chargés depuis cookies.json
2026-05-21 22:04:51 [INFO] rdvpermis.bot —   ✅ Session valide — Serhat YILDIRIM (MILAR)
2026-05-21 22:04:51 [INFO] rdvpermis.bot — 🤖 Bot démarré — 3 centres en parallèle | intervalle 15s | 2026-05-20 → 2026-09-30
2026-05-21 22:04:51 [INFO] rdvpermis.bot — 🛒 Panier : 0/36
2026-05-21 22:04:51 [INFO] rdvpermis.bot — --- It.#1 | Panier 0/36 | 22:04:51 ---
2026-05-21 22:05:43 [INFO] rdvpermis.bot — Session fermée
2026-05-21 22:11:37 [INFO] rdvpermis.bot — Session HTTP créée
2026-05-21 22:11:37 [INFO] rdvpermis.bot —   Cookies chargés depuis cookies.json
2026-05-21 22:11:37 [INFO] rdvpermis.bot —   ✅ Session valide — Serhat YILDIRIM (MILAR)
2026-05-21 22:11:37 [INFO] rdvpermis.bot — 🤖 Bot démarré — 3 centres en parallèle | intervalle 15s | 2026-05-20 → 2026-09-30
2026-05-21 22:11:37 [INFO] rdvpermis.bot — 🛒 Panier : 0/36
2026-05-21 22:11:37 [INFO] rdvpermis.bot — --- It.#1 | Panier 0/36 | 22:11:37 ---
2026-05-21 22:14:20 [INFO] rdvpermis.bot — Session fermée
2026-05-21 22:35:20 [INFO] rdvpermis.bot — Session HTTP créée
2026-05-21 22:35:20 [INFO] rdvpermis.bot —   Cookies chargés depuis cookies.json
2026-05-21 22:35:21 [INFO] rdvpermis.bot —   ✅ Session valide — Serhat YILDIRIM (MILAR)
2026-05-21 22:35:21 [INFO] rdvpermis.bot — 🤖 Bot démarré — 3 centres en parallèle | intervalle 15s | 2026-05-20 → 2026-09-30
2026-05-21 22:35:21 [INFO] rdvpermis.bot — 🛒 Panier : 0/36
2026-05-21 22:35:21 [INFO] rdvpermis.bot — --- It.#1 | Panier 0/36 | 22:35:21 ---
2026-05-21 22:35:26 [INFO] rdvpermis.bot — Session fermée
2026-05-21 23:47:53 [INFO] rdvpermis.bot — Session HTTP créée
2026-05-21 23:47:53 [INFO] rdvpermis.bot —   Cookies chargés depuis cookies.json
2026-05-21 23:47:53 [INFO] rdvpermis.bot —   ✅ Session valide — Serhat YILDIRIM (MILAR)
2026-05-21 23:47:53 [INFO] rdvpermis.bot — 🛒 Panier : 0/36
2026-05-21 23:47:53 [INFO] rdvpermis.bot — Session fermée
2026-05-21 23:47:59 [INFO] rdvpermis.bot — Session HTTP créée
2026-05-21 23:47:59 [INFO] rdvpermis.bot —   Cookies chargés depuis cookies.json
2026-05-21 23:47:59 [INFO] rdvpermis.bot —   ✅ Session valide — Serhat YILDIRIM (MILAR)
2026-05-21 23:47:59 [INFO] rdvpermis.bot — 🤖 Bot démarré — 3 centres en parallèle | intervalle 5s | 2026-05-21 → 2026-09-30
2026-05-21 23:47:59 [INFO] rdvpermis.bot — 🛒 Panier : 0/36
2026-05-21 23:47:59 [INFO] rdvpermis.bot — --- It.#1 | Panier 0/36 | 23:47:59 ---
2026-05-21 23:48:06 [INFO] rdvpermis.bot — Session fermée
2026-05-22 00:16:04 [INFO] rdvpermis.bot — Session HTTP créée
2026-05-22 00:16:04 [INFO] rdvpermis.bot —   Cookies chargés depuis cookies.json
2026-05-22 00:16:04 [INFO] rdvpermis.bot —   ✅ Session valide — Serhat YILDIRIM (MILAR)
2026-05-22 00:16:04 [INFO] rdvpermis.bot — 🤖 Bot démarré — 3 centres en parallèle | intervalle 5s | 2026-05-21 → 2026-09-30
2026-05-22 00:16:10 [INFO] rdvpermis.bot — 🛒 Panier : 0/36
2026-05-22 00:16:10 [INFO] rdvpermis.bot — --- It.#1 | Panier 0/36 | 00:16:10 ---
2026-05-22 00:16:22 [INFO] rdvpermis.bot — Session fermée
