10:23:06 [INFO] Session HTTP créée
10:23:06 [INFO]   Cookies chargés depuis cookies.json
10:23:06 [WARNING]   Session invalide — HTTP 401
10:23:06 [INFO] Session fermée
10:23:50 [INFO] Session HTTP créée
10:23:50 [INFO]   Cookies chargés depuis cookies.json
10:23:50 [INFO]   ✅ Session valide — Serhat YILDIRIM (MILAR)
10:23:50 [INFO] 🛒 Panier : 0/36 | Quota : 0/36
10:23:50 [INFO] Session fermée
10:30:51 [INFO] Session HTTP créée
10:30:51 [INFO]   Cookies chargés depuis cookies.json
10:30:51 [INFO]   ✅ Session valide — Serhat YILDIRIM (MILAR)
10:30:51 [INFO] 🤖 Bot initialisé | 6 centre(s) cible(s) | Plage horaire : 09:00–17:00 | Quota maximal : 36
10:30:51 [INFO] 🛒 Panier : 0/36 | Quota : 0/36
10:30:51 [INFO] 🎧 [93mMode attente passive actif[0m | Réveil prévu à 11:00 | Temps restant : 29m 8s
10:30:57 [INFO] ⛔ Arrêt demandé par l'utilisateur
10:30:57 [INFO] Session fermée
11:05:08 [INFO] Session HTTP créée
11:05:08 [INFO]   Cookies chargés depuis cookies.json
11:05:09 [INFO]   ✅ Session valide — Serhat YILDIRIM (MILAR)
11:05:09 [INFO] 🛒 Panier : 0/36 | Quota : 0/36
11:05:09 [INFO] Session fermée
11:05:26 [INFO] Session HTTP créée
11:05:26 [INFO]   Cookies chargés depuis cookies.json
11:05:26 [INFO]   ✅ Session valide — Serhat YILDIRIM (MILAR)
11:05:26 [INFO] 🤖 Bot initialisé | 6 centre(s) cible(s) | Plage horaire : 09:00–17:00 | Quota maximal : 36
11:05:26 [INFO] 🛒 Panier : 0/36 | Quota : 0/36
11:05:26 [INFO] ⚡ [92m[1mRUSH ACTIF[0m --- It.#1 | Panier 0/36 | Réservés 0/36 | 11:05:26 ---
11:05:40 [INFO] ⛔ Arrêt demandé par l'utilisateur
11:05:40 [INFO] Session fermée
11:06:11 [INFO] Session HTTP créée
11:06:11 [INFO]   Cookies chargés depuis cookies.json
11:06:11 [INFO]   ✅ Session valide — Serhat YILDIRIM (MILAR)
11:06:11 [INFO] 🤖 Bot initialisé | 1 centre(s) cible(s) | Plage horaire : 09:00–17:00 | Quota maximal : 36
11:06:11 [INFO] 🛒 Panier : 0/36 | Quota : 0/36
11:06:11 [INFO] ⚡ [92m[1mRUSH ACTIF[0m --- It.#1 | Panier 0/36 | Réservés 0/36 | 11:06:11 ---
11:06:15 [INFO] ⛔ Arrêt demandé par l'utilisateur
11:06:15 [INFO] Session fermée
11:09:12 [INFO] Session HTTP créée
11:09:12 [INFO]   Cookies chargés depuis cookies.json
11:09:12 [INFO]   ✅ Session valide — Serhat YILDIRIM (MILAR)
11:09:12 [INFO] 🤖 Bot initialisé | 1 centre(s) cible(s) | Plage horaire : 09:00–17:00 | Quota maximal : 36
11:09:12 [INFO] 🛒 Panier : 0/36 | Quota : 0/36
11:09:12 [INFO] 🎧 [93mMode attente passive actif[0m | Réveil prévu à 11:10 | Temps restant : 0m 47s
11:09:52 [INFO] 🎧 [93mMode attente passive actif[0m | Réveil prévu à 11:10 | Temps restant : 0m 7s
11:10:00 [INFO] ⚡ [92m[1mRUSH ACTIF[0m --- It.#6 | Panier 0/36 | Réservés 0/36 | 11:10:00 ---
11:10:27 [WARNING]   ⏳ Rate limit (429) pendant scan — pause 6s
11:10:33 [WARNING]   ⏳ Rate limit (429) pendant scan — pause 5s
11:10:34 [INFO] ⛔ Arrêt demandé par l'utilisateur
11:10:34 [INFO] Session fermée
14:49:55 [INFO] Session HTTP créée
14:49:55 [INFO]   Cookies chargés depuis cookies.json
14:49:55 [WARNING]   Session invalide — HTTP 401
14:49:55 [INFO] Session fermée
14:50:12 [INFO] Session HTTP créée
14:50:12 [INFO]   Cookies chargés depuis cookies.json
14:50:12 [WARNING]   Session invalide — HTTP 401
14:50:12 [INFO] Session fermée
14:50:41 [INFO] Session HTTP créée
14:50:41 [INFO]   Cookies chargés depuis cookies.json
14:50:41 [INFO]   ✅ Session valide — Serhat YILDIRIM (MILAR)
14:50:41 [INFO] 🛒 Panier : 0/36 | Quota : 0/4
14:50:41 [INFO] Session fermée
14:55:11 [INFO] Session HTTP créée
14:55:11 [INFO]   Cookies chargés depuis cookies.json
14:55:11 [INFO]   ✅ Session valide — Serhat YILDIRIM (MILAR)
14:55:11 [INFO] 🤖 Bot initialisé | 1 centre(s) cible(s) | Plage horaire : 07:00–11:00 | Quota maximal : 4
14:55:11 [INFO] 🛒 Panier : 0/36 | Quota : 0/4
14:55:11 [INFO] 🎧 [93mMode attente passive actif[0m | Réveil prévu à 15:00 | Temps restant : 4m 48s
14:56:11 [INFO] 🎧 [93mMode attente passive actif[0m | Réveil prévu à 15:00 | Temps restant : 3m 48s
14:57:11 [INFO] 🎧 [93mMode attente passive actif[0m | Réveil prévu à 15:00 | Temps restant : 2m 48s
14:58:11 [INFO] 🛒 Panier : 0/36 | Quota : 0/4
14:58:11 [INFO] 🎧 [93mMode attente passive actif[0m | Réveil prévu à 15:00 | Temps restant : 1m 48s
14:59:11 [INFO] 🎧 [93mMode attente passive actif[0m | Réveil prévu à 15:00 | Temps restant : 0m 48s
14:59:51 [INFO] 🎧 [93mMode attente passive actif[0m | Réveil prévu à 15:00 | Temps restant : 0m 8s
15:00:00 [INFO] ⚡ [92m[1mRUSH ACTIF[0m --- It.#30 | Panier 0/36 | Réservés 0/4 | 15:00:00 ---
15:00:06 [INFO] ⚡ [92m[1mRUSH ACTIF[0m --- It.#31 | Panier 0/36 | Réservés 0/4 | 15:00:06 ---
15:00:13 [INFO] [92m[1m✅✅ RÉSERVÉ ! [ST BRICE B] 08:00 — Panier: 1/36 | Quota: 1/4[0m
15:00:14 [INFO] [92m[1m✅✅ RÉSERVÉ ! [ST BRICE B] 08:30 — Panier: 2/36 | Quota: 2/4[0m
15:00:14 [INFO] [92m[1m✅✅ RÉSERVÉ ! [ST BRICE B] 09:00 — Panier: 3/36 | Quota: 3/4[0m
15:00:38 [WARNING]   ⏳ Rate limit (429) pendant scan — pause 3s
15:00:41 [WARNING]   ⏳ Rate limit (429) pendant scan — pause 7s
15:00:48 [WARNING]   ⏳ Rate limit (429) pendant scan — pause 7s
15:00:56 [WARNING]   ⏳ Rate limit (429) pendant scan — pause 5s
15:01:01 [WARNING]   ⏳ Rate limit (429) pendant scan — pause 4s
15:01:05 [WARNING]   ⏳ Rate limit (429) pendant scan — pause 4s
15:01:09 [WARNING]   ⏳ Rate limit (429) pendant scan — pause 5s
15:01:14 [WARNING]   ⏳ Rate limit (429) pendant scan — pause 6s
15:01:20 [WARNING]   ⏳ Rate limit (429) pendant scan — pause 3s
15:01:24 [WARNING]   ⏳ Rate limit (429) pendant scan — pause 7s
15:01:31 [WARNING]   ⏳ Rate limit (429) pendant scan — pause 4s
15:01:32 [INFO] ⛔ Arrêt demandé par l'utilisateur
15:01:32 [INFO] Session fermée
